Microchip MPLAB XC8 Compiler V1.36 ()

Linker command line:

-W-3 --edf=/Applications/microchip/xc8/v1.36/dat/en_msgs.txt -cs \
  -h+dist/default/production/PCCRuthPRJ1.X.production.sym \
  --cmf=dist/default/production/PCCRuthPRJ1.X.production.cmf -z -Q18F46K22 \
  -o/tmp/xcUP9xJXv -Mdist/default/production/PCCRuthPRJ1.X.production.map \
  -E1 -ver=XC8 -ASTACK=0B8h-0f37h -pstack=STACK -ACODE=00h-0FFFFh \
  -ACONST=00h-0FFFFh -ASMALLCONST=01000h-010FFhx240 \
  -AMEDIUMCONST=01000h-0FFFFh -ACOMRAM=01h-05Fh -AABS1=00h-0F37h \
  -ABIGRAM=01h-0F37h -ARAM=060h-0FFh,0100h-01FFhx14,0F00h-0F37h \
  -ABANK0=060h-0FFh -ABANK1=0100h-01FFh -ABANK2=0200h-02FFh \
  -ABANK3=0300h-03FFh -ABANK4=0400h-04FFh -ABANK5=0500h-05FFh \
  -ABANK6=0600h-06FFh -ABANK7=0700h-07FFh -ABANK8=0800h-08FFh \
  -ABANK9=0900h-09FFh -ABANK10=0A00h-0AFFh -ABANK11=0B00h-0BFFh \
  -ABANK12=0C00h-0CFFh -ABANK13=0D00h-0DFFh -ABANK14=0E00h-0EFFh \
  -ABANK15=0F00h-0F37h -ASFR=0F38h-0F5Fh,0F60h-0FFFh \
  -preset_vec=00h,intcode=08h,intcodelo,powerup,init,end_init \
  -pramtop=01000h -psmallconst=SMALLCONST -pmediumconst=MEDIUMCONST \
  -pconst=CONST -AFARRAM=00h-00h -ACONFIG=0300000h-030000Dh -pconfig=CONFIG \
  -AIDLOC=0200000h-0200007h -pidloc=IDLOC -AEEDATA=0F00000h-0F003FFh \
  -peeprom_data=EEDATA \
  -prdata=COMRAM,nvrram=COMRAM,nvbit=COMRAM,rbss=COMRAM,rbit=COMRAM \
  -pfarbss=FARRAM,fardata=FARRAM,nvFARRAM=FARRAM \
  -pintsave_regs=BIGRAM,bigbss=BIGRAM,bigdata=BIGRAM -pbss=RAM \
  -pidata=CODE,irdata=CODE,ibigdata=CODE,ifardata=CODE -prparam=COMRAM \
  /tmp/xccZlG7Lh.obj dist/default/production/PCCRuthPRJ1.X.production.obj 

Object code version is 3.11

Machine type is 18F46K22

Call graph: (short form)




                Name                               Link     Load   Length Selector   Space Scale
/tmp/xccZlG7Lh.obj
                end_init                            14E      14E        4        4       0
                reset_vec                             0        0        4        0       0
                idloc                            200000   200000        8   200000       0
                config                           300000   300000        E   300000       0
dist/default/production/PCCRuthPRJ1.X.production.obj
                intcode                               8        8      146        4       0
                temp                                 4C       4C        1        1       1
                smallconst                         1000     1000       32      800       0
                text28                             2F1C     2F1C       14      819       0
                text27                             2F62     2F62        C      819       0
                text26                             2F52     2F52       10      819       0
                text25                             2F42     2F42       10      819       0
                text24                             2950     2950       C6      819       0
                text23                             2A16     2A16       AE      819       0
                text22                             286A     286A       E6      819       0
                text21                             2D74     2D74       58      819       0
                text20                             2AC4     2AC4       A8      819       0
                text19                             2EA0     2EA0       38      819       0
                text18                             2544     2544      12E      819       0
                text17                             2BFC     2BFC       66      819       0
                text16                             2CC0     2CC0       5C      819       0
                text15                             2672     2672      104      819       0
                text14                             2B6C     2B6C       90      819       0
                text13                             2776     2776       F4      819       0
                text12                             21FA     21FA      1AC      819       0
                text11                             2E60     2E60       40      819       0
                text10                             23A6     23A6      19E      819       0
                text9                              2D1C     2D1C       58      819       0
                text8                              1032     1032      BEC      819       0
                text7                              2DCC     2DCC       52      819       0
                text6                              2E1E     2E1E       42      819       0
                text5                              2ED8     2ED8       26      819       0
                text4                              2EFE     2EFE       1E      819       0
                text3                              2F30     2F30       12      819       0
                text2                              2F6E     2F6E        A      819       0
                text1                              1FFA     1FFA      200      819       0
                text0                              1C1E     1C1E      3DC      819       0
                cstackCOMRAM                          1        1       45        1       1
                cstackBANK0                          60       60       41       60       1
                dataBANK0                            B4       B4        4       60       1
                bssBANK0                             A1       A1       13       60       1
                dataCOMRAM                           46       46        4        1       1
                bssCOMRAM                            4A       4A        2        1       1
                cinit                              2C62     2C62       5E      819       0
                idataBANK0                         2F7C     2F7C        4      819       0
                idataCOMRAM                        2F78     2F78        4      819       0

TOTAL           Name                               Link     Load   Length     Space
        CLASS   STACK          

        CLASS   CODE           
                end_init                            14E      14E        4         0
                intcode                               8        8      146         0
                reset_vec                             0        0        4         0
                text28                             2F1C     2F1C       14         0
                text27                             2F62     2F62        C         0
                text26                             2F52     2F52       10         0
                text25                             2F42     2F42       10         0
                text24                             2950     2950       C6         0
                text23                             2A16     2A16       AE         0
                text22                             286A     286A       E6         0
                text21                             2D74     2D74       58         0
                text20                             2AC4     2AC4       A8         0
                text19                             2EA0     2EA0       38         0
                text18                             2544     2544      12E         0
                text17                             2BFC     2BFC       66         0
                text16                             2CC0     2CC0       5C         0
                text15                             2672     2672      104         0
                text14                             2B6C     2B6C       90         0
                text13                             2776     2776       F4         0
                text12                             21FA     21FA      1AC         0
                text11                             2E60     2E60       40         0
                text10                             23A6     23A6      19E         0
                text9                              2D1C     2D1C       58         0
                text8                              1032     1032      BEC         0
                text7                              2DCC     2DCC       52         0
                text6                              2E1E     2E1E       42         0
                text5                              2ED8     2ED8       26         0
                text4                              2EFE     2EFE       1E         0
                text3                              2F30     2F30       12         0
                text2                              2F6E     2F6E        A         0
                text1                              1FFA     1FFA      200         0
                text0                              1C1E     1C1E      3DC         0
                cinit                              2C62     2C62       5E         0
                idataBANK0                         2F7C     2F7C        4         0
                idataCOMRAM                        2F78     2F78        4         0

        CLASS   CONST          

        CLASS   SMALLCONST     
                smallconst                         1000     1000       32         0

        CLASS   MEDIUMCONST    

        CLASS   COMRAM         
                temp                                 4C       4C        1         1
                cstackCOMRAM                          1        1       45         1
                dataCOMRAM                           46       46        4         1
                bssCOMRAM                            4A       4A        2         1

        CLASS   ABS1           

        CLASS   BIGRAM         

        CLASS   RAM            

        CLASS   BANK0          
                cstackBANK0                          60       60       41         1
                dataBANK0                            B4       B4        4         1
                bssBANK0                             A1       A1       13         1

        CLASS   BANK1          

        CLASS   BANK2          

        CLASS   BANK3          

        CLASS   BANK4          

        CLASS   BANK5          

        CLASS   BANK6          

        CLASS   BANK7          

        CLASS   BANK8          

        CLASS   BANK9          

        CLASS   BANK10         

        CLASS   BANK11         

        CLASS   BANK12         

        CLASS   BANK13         

        CLASS   BANK14         

        CLASS   BANK15         

        CLASS   SFR            

        CLASS   FARRAM         

        CLASS   CONFIG         
                config                           300000   300000        E         0

        CLASS   IDLOC          
                idloc                            200000   200000        8         0

        CLASS   EEDATA         



SEGMENTS        Name                           Load    Length   Top    Selector   Space  Class

                reset_vec                      000000  000004  000004         0       0  CODE    
                cstackCOMRAM                   000001  00004C  00004D         1       1  COMRAM  
                intcode                        000008  00014A  000152         4       0  CODE    
                cstackBANK0                    000060  000058  0000B8        60       1  BANK0   
                smallconst                     001000  000032  001032       800       0  SMALLCON
                text8                          001032  001F4E  002F80       819       0  CODE    
                idloc                          200000  000008  200008    200000       0  IDLOC   
                config                         300000  00000E  30000E    300000       0  CONFIG  


UNUSED ADDRESS RANGES

        Name                Unused          Largest block    Delta
        BANK0            0000B8-0000FF               48
        BANK1            000100-0001FF              100
        BANK10           000A00-000AFF              100
        BANK11           000B00-000BFF              100
        BANK12           000C00-000CFF              100
        BANK13           000D00-000DFF              100
        BANK14           000E00-000EFF              100
        BANK15           000F00-000F37               38
        BANK2            000200-0002FF              100
        BANK3            000300-0003FF              100
        BANK4            000400-0004FF              100
        BANK5            000500-0005FF              100
        BANK6            000600-0006FF              100
        BANK7            000700-0007FF              100
        BANK8            000800-0008FF              100
        BANK9            000900-0009FF              100
        BIGRAM           00004D-00005F               13
                         0000B8-000F37              E80
        CODE             000004-000007                4
                         000152-000FFF              EAE
                         002F80-00FFFF             D080
        COMRAM           00004D-00005F               13
        CONST            000004-000007                4
                         000152-000FFF              EAE
                         002F80-00FFFF             D080
        EEDATA           F00000-F003FF              400
        MEDIUMCONST      002F80-00FFFF             D080
        RAM              0000B8-000F37              100
        SFR              000F38-000FFF               28
        SMALLCONST       002F80-00FFFF              100
        STACK            0000B8-000F37              E80

                                  Symbol Table

?___awtoft                                cstackCOMRAM 00001B
?___ftadd                                 cstackCOMRAM 000024
?___ftdiv                                 cstackCOMRAM 000033
?___ftmul                                 cstackCOMRAM 000024
?___ftpack                                cstackCOMRAM 000013
?___ftsub                                 cstackCOMRAM 000030
?___fttol                                 cstackCOMRAM 000042
?___llmod                                 cstackCOMRAM 000013
?___lltoft                                cstackCOMRAM 00001B
?___lwdiv                                 cstackCOMRAM 000013
?___lwmod                                 cstackCOMRAM 00001A
?___wmul                                  cstackCOMRAM 000013
?_printf                                  cstackCOMRAM 00001F
?_sqrt                                    cstackCOMRAM 000036
ISR@dummy                                 cstackCOMRAM 000011
ISR@dummy_1014                            cstackCOMRAM 000012
LCDcmd@command                            cstackCOMRAM 000013
LCDwrite@input                            cstackCOMRAM 000014
_ANSELBbits                               (abs)        000F39
_ANSELD                                   (abs)        000F3B
_C1IE                                     (abs)        007D06
_C1IF                                     (abs)        007D0E
_C2IE                                     (abs)        007D05
_C2IF                                     (abs)        007D0D
_CCP2CON                                  (abs)        000F66
_CCP2CONbits                              (abs)        000F66
_CCP2IE                                   (abs)        007D00
_CCP2IF                                   (abs)        007D08
_CCP3CON                                  (abs)        000F5D
_CCP3CONbits                              (abs)        000F5D
_CCP3IE                                   (abs)        007BD0
_CCP3IF                                   (abs)        007BD8
_CCPR2                                    (abs)        000F67
_CCPR3                                    (abs)        000F5E
_CCPTMRS0bits                             (abs)        000F49
_CM1CON0                                  (abs)        000F79
_CM1CON0bits                              (abs)        000F79
_CM2CON0                                  (abs)        000F78
_CM2CON0bits                              (abs)        000F78
_CM2CON1bits                              (abs)        000F77
_INTCONbits                               (abs)        000FF2
_ISR                                      intcode      000008
_LATA                                     (abs)        000F89
_LATDbits                                 (abs)        000F8C
_LATEbits                                 (abs)        000F8D
_LCDcheckBF                               text28       002F1C
_LCDclear                                 text26       002F52
_LCDcmd                                   text27       002F62
_LCDgotoLineTwo                           text25       002F42
_LCDinit                                  text24       002950
_LCDwrite                                 text3        002F30
_OSCCONbits                               (abs)        000FD3
_PIE1bits                                 (abs)        000F9D
_PIE2bits                                 (abs)        000FA0
_PIR1bits                                 (abs)        000F9E
_PIR2bits                                 (abs)        000FA1
_PORTAbits                                (abs)        000F80
_PR2                                      (abs)        000FBB
_T1CON                                    (abs)        000FCD
_T1CONbits                                (abs)        000FCD
_T2CON                                    (abs)        000FBA
_T2CONbits                                (abs)        000FBA
_T5CON                                    (abs)        000F4E
_T5CONbits                                (abs)        000F4E
_TMR1                                     (abs)        000FCE
_TMR1ON                                   (abs)        007E68
_TMR2IE                                   (abs)        007CE9
_TMR2IF                                   (abs)        007CF1
_TMR5                                     (abs)        000F4F
_TMR5ON                                   (abs)        007A70
_TRISA                                    (abs)        000F92
_TRISAbits                                (abs)        000F92
_TRISBbits                                (abs)        000F93
_TRISDbits                                (abs)        000F95
_TRISEbits                                (abs)        000F96
_VREFCON0bits                             (abs)        000F42
__CFG_BOREN$SBORDIS                       (abs)        000000
__CFG_BORV$190                            (abs)        000000
__CFG_CCP2MX$PORTB3                       (abs)        000000
__CFG_CCP3MX$PORTB5                       (abs)        000000
__CFG_CP0$OFF                             (abs)        000000
__CFG_CP1$OFF                             (abs)        000000
__CFG_CP2$OFF                             (abs)        000000
__CFG_CP3$OFF                             (abs)        000000
__CFG_CPB$OFF                             (abs)        000000
__CFG_CPD$OFF                             (abs)        000000
__CFG_EBTR0$OFF                           (abs)        000000
__CFG_EBTR1$OFF                           (abs)        000000
__CFG_EBTR2$OFF                           (abs)        000000
__CFG_EBTR3$OFF                           (abs)        000000
__CFG_EBTRB$OFF                           (abs)        000000
__CFG_FCMEN$OFF                           (abs)        000000
__CFG_FOSC$INTIO67                        (abs)        000000
__CFG_HFOFST$ON                           (abs)        000000
__CFG_IESO$OFF                            (abs)        000000
__CFG_LVP$ON                              (abs)        000000
__CFG_MCLRE$EXTMCLR                       (abs)        000000
__CFG_P2BMX$PORTD2                        (abs)        000000
__CFG_PBADEN$OFF                          (abs)        000000
__CFG_PLLCFG$OFF                          (abs)        000000
__CFG_PRICLKEN$ON                         (abs)        000000
__CFG_PWRTEN$ON                           (abs)        000000
__CFG_STVREN$ON                           (abs)        000000
__CFG_T3CMX$PORTB5                        (abs)        000000
__CFG_WDTEN$OFF                           (abs)        000000
__CFG_WDTPS$32768                         (abs)        000000
__CFG_WRT0$OFF                            (abs)        000000
__CFG_WRT1$OFF                            (abs)        000000
__CFG_WRT2$OFF                            (abs)        000000
__CFG_WRT3$OFF                            (abs)        000000
__CFG_WRTB$OFF                            (abs)        000000
__CFG_WRTC$OFF                            (abs)        000000
__CFG_WRTD$OFF                            (abs)        000000
__CFG_XINST$OFF                           (abs)        000000
__HRAM                                    (abs)        000000
__Habs1                                   abs1         000000
__Hbank0                                  bank0        000000
__Hbank1                                  bank1        000000
__Hbank10                                 bank10       000000
__Hbank11                                 bank11       000000
__Hbank12                                 bank12       000000
__Hbank13                                 bank13       000000
__Hbank14                                 bank14       000000
__Hbank15                                 bank15       000000
__Hbank2                                  bank2        000000
__Hbank3                                  bank3        000000
__Hbank4                                  bank4        000000
__Hbank5                                  bank5        000000
__Hbank6                                  bank6        000000
__Hbank7                                  bank7        000000
__Hbank8                                  bank8        000000
__Hbank9                                  bank9        000000
__Hbigbss                                 bigbss       000000
__Hbigdata                                bigdata      000000
__Hbigram                                 bigram       000000
__Hbss                                    bss          000000
__HbssBANK0                               bssBANK0     000000
__HbssCOMRAM                              bssCOMRAM    000000
__Hcinit                                  cinit        000000
__Hclrtext                                clrtext      000000
__Hcomram                                 comram       000000
__Hconfig                                 config       30000E
__Hconst                                  const        000000
__HcstackBANK0                            cstackBANK0  000000
__HcstackCOMRAM                           cstackCOMRAM 000000
__Hdata                                   data         000000
__HdataBANK0                              dataBANK0    000000
__HdataCOMRAM                             dataCOMRAM   000000
__Heeprom_data                            eeprom_data  000000
__Hend_init                               end_init     000152
__Hfarbss                                 farbss       000000
__Hfardata                                fardata      000000
__Hibigdata                               ibigdata     000000
__Hidata                                  idata        000000
__HidataBANK0                             idataBANK0   000000
__HidataCOMRAM                            idataCOMRAM  000000
__Hidloc                                  idloc        200008
__Hifardata                               ifardata     000000
__Hinit                                   init         00014E
__Hintcode                                intcode      00014E
__Hintcode_body                           intcode_body 000000
__Hintcodelo                              intcodelo    00014E
__Hintentry                               intentry     000000
__Hintret                                 intret       000000
__Hintsave_regs                           intsave_regs 000000
__Hirdata                                 irdata       000000
__Hmediumconst                            mediumconst  000000
__HnvFARRAM                               nvFARRAM     000000
__Hnvbit                                  nvbit        000000
__Hnvrram                                 nvrram       000000
__Hparam                                  rparam       000000
__Hpowerup                                powerup      00014E
__Hram                                    ram          000000
__Hramtop                                 ramtop       001000
__Hrbit                                   rbit         000000
__Hrbss                                   rbss         000000
__Hrdata                                  rdata        000000
__Hreset_vec                              reset_vec    000004
__Hrparam                                 rparam       000000
__Hsfr                                    sfr          000000
__Hsmallconst                             smallconst   001032
__Hspace_0                                (abs)        30000E
__Hspace_1                                (abs)        0000B8
__Hspace_2                                (abs)        000000
__Hstack                                  stack        000000
__Hstruct                                 struct       000000
__Htemp                                   temp         00004D
__Htext                                   text         000000
__Htext0                                  text0        000000
__Htext1                                  text1        000000
__Htext10                                 text10       000000
__Htext11                                 text11       000000
__Htext12                                 text12       000000
__Htext13                                 text13       000000
__Htext14                                 text14       000000
__Htext15                                 text15       000000
__Htext16                                 text16       000000
__Htext17                                 text17       000000
__Htext18                                 text18       000000
__Htext19                                 text19       000000
__Htext2                                  text2        000000
__Htext20                                 text20       000000
__Htext21                                 text21       000000
__Htext22                                 text22       000000
__Htext23                                 text23       000000
__Htext24                                 text24       000000
__Htext25                                 text25       000000
__Htext26                                 text26       000000
__Htext27                                 text27       000000
__Htext28                                 text28       000000
__Htext3                                  text3        000000
__Htext4                                  text4        000000
__Htext5                                  text5        000000
__Htext6                                  text6        000000
__Htext7                                  text7        000000
__Htext8                                  text8        000000
__Htext9                                  text9        000000
__LRAM                                    (abs)        000001
__Labs1                                   abs1         000000
__Lbank0                                  bank0        000000
__Lbank1                                  bank1        000000
__Lbank10                                 bank10       000000
__Lbank11                                 bank11       000000
__Lbank12                                 bank12       000000
__Lbank13                                 bank13       000000
__Lbank14                                 bank14       000000
__Lbank15                                 bank15       000000
__Lbank2                                  bank2        000000
__Lbank3                                  bank3        000000
__Lbank4                                  bank4        000000
__Lbank5                                  bank5        000000
__Lbank6                                  bank6        000000
__Lbank7                                  bank7        000000
__Lbank8                                  bank8        000000
__Lbank9                                  bank9        000000
__Lbigbss                                 bigbss       000000
__Lbigdata                                bigdata      000000
__Lbigram                                 bigram       000000
__Lbss                                    bss          000000
__LbssBANK0                               bssBANK0     000000
__LbssCOMRAM                              bssCOMRAM    000000
__Lcinit                                  cinit        000000
__Lclrtext                                clrtext      000000
__Lcomram                                 comram       000000
__Lconfig                                 config       300000
__Lconst                                  const        000000
__LcstackBANK0                            cstackBANK0  000000
__LcstackCOMRAM                           cstackCOMRAM 000000
__Ldata                                   data         000000
__LdataBANK0                              dataBANK0    000000
__LdataCOMRAM                             dataCOMRAM   000000
__Leeprom_data                            eeprom_data  000000
__Lend_init                               end_init     00014E
__Lfarbss                                 farbss       000000
__Lfardata                                fardata      000000
__Libigdata                               ibigdata     000000
__Lidata                                  idata        000000
__LidataBANK0                             idataBANK0   000000
__LidataCOMRAM                            idataCOMRAM  000000
__Lidloc                                  idloc        200000
__Lifardata                               ifardata     000000
__Linit                                   init         00014E
__Lintcode                                intcode      000008
__Lintcode_body                           intcode_body 000000
__Lintcodelo                              intcodelo    00014E
__Lintentry                               intentry     000000
__Lintret                                 intret       000000
__Lintsave_regs                           intsave_regs 000000
__Lirdata                                 irdata       000000
__Lmediumconst                            mediumconst  000000
__LnvFARRAM                               nvFARRAM     000000
__Lnvbit                                  nvbit        000000
__Lnvrram                                 nvrram       000000
__Lparam                                  rparam       000000
__Lpowerup                                powerup      00014E
__Lram                                    ram          000000
__Lramtop                                 ramtop       001000
__Lrbit                                   rbit         000000
__Lrbss                                   rbss         000000
__Lrdata                                  rdata        000000
__Lreset_vec                              reset_vec    000000
__Lrparam                                 rparam       000000
__Lsfr                                    sfr          000000
__Lsmallconst                             smallconst   001000
__Lspace_0                                (abs)        000000
__Lspace_1                                (abs)        000000
__Lspace_2                                (abs)        000000
__Lstack                                  stack        000000
__Lstruct                                 struct       000000
__Ltemp                                   temp         00004C
__Ltext                                   text         000000
__Ltext0                                  text0        000000
__Ltext1                                  text1        000000
__Ltext10                                 text10       000000
__Ltext11                                 text11       000000
__Ltext12                                 text12       000000
__Ltext13                                 text13       000000
__Ltext14                                 text14       000000
__Ltext15                                 text15       000000
__Ltext16                                 text16       000000
__Ltext17                                 text17       000000
__Ltext18                                 text18       000000
__Ltext19                                 text19       000000
__Ltext2                                  text2        000000
__Ltext20                                 text20       000000
__Ltext21                                 text21       000000
__Ltext22                                 text22       000000
__Ltext23                                 text23       000000
__Ltext24                                 text24       000000
__Ltext25                                 text25       000000
__Ltext26                                 text26       000000
__Ltext27                                 text27       000000
__Ltext28                                 text28       000000
__Ltext3                                  text3        000000
__Ltext4                                  text4        000000
__Ltext5                                  text5        000000
__Ltext6                                  text6        000000
__Ltext7                                  text7        000000
__Ltext8                                  text8        000000
__Ltext9                                  text9        000000
__S0                                      (abs)        30000E
__S1                                      (abs)        0000B8
__S2                                      (abs)        000000
___awtoft                                 text19       002EA0
___awtoft@c                               cstackCOMRAM 00001B
___awtoft@sign                            cstackCOMRAM 00001E
___ftadd                                  text12       0021FA
___ftadd@exp1                             cstackCOMRAM 00002F
___ftadd@exp2                             cstackCOMRAM 00002E
___ftadd@f1                               cstackCOMRAM 000024
___ftadd@f2                               cstackCOMRAM 000027
___ftadd@sign                             cstackCOMRAM 00002D
___ftdiv                                  text22       00286A
___ftdiv@cntr                             cstackCOMRAM 00003C
___ftdiv@exp                              cstackCOMRAM 000040
___ftdiv@f1                               cstackCOMRAM 000033
___ftdiv@f2                               cstackCOMRAM 000036
___ftdiv@f3                               cstackCOMRAM 00003D
___ftdiv@sign                             cstackCOMRAM 000041
___ftge                                   text14       002B6C
___ftge@ff1                               cstackCOMRAM 000013
___ftge@ff2                               cstackCOMRAM 000016
___ftmul                                  text13       002776
___ftmul@cntr                             cstackCOMRAM 000031
___ftmul@exp                              cstackCOMRAM 00002D
___ftmul@f1                               cstackCOMRAM 000024
___ftmul@f2                               cstackCOMRAM 000027
___ftmul@f3_as_product                    cstackCOMRAM 00002E
___ftmul@sign                             cstackCOMRAM 000032
___ftpack                                 text23       002A16
___ftpack@arg                             cstackCOMRAM 000013
___ftpack@exp                             cstackCOMRAM 000016
___ftpack@sign                            cstackCOMRAM 000017
___ftsub                                  text11       002E60
___ftsub@f1                               cstackCOMRAM 000030
___ftsub@f2                               cstackCOMRAM 000033
___fttol                                  text18       002544
___fttol@exp1                             cstackBANK0  000077
___fttol@f1                               cstackCOMRAM 000042
___fttol@lval                             cstackBANK0  000073
___fttol@sign1                            cstackBANK0  000072
___inthi_sp                               stack        000000
___intlo_sp                               stack        000000
___llmod                                  text17       002BFC
___llmod@counter                          cstackCOMRAM 00001B
___llmod@dividend                         cstackCOMRAM 000013
___llmod@divisor                          cstackCOMRAM 000017
___lltoft                                 text16       002CC0
___lltoft@c                               cstackCOMRAM 00001B
___lltoft@exp                             cstackCOMRAM 000023
___lwdiv                                  text7        002DCC
___lwdiv@counter                          cstackCOMRAM 000019
___lwdiv@dividend                         cstackCOMRAM 000013
___lwdiv@divisor                          cstackCOMRAM 000015
___lwdiv@quotient                         cstackCOMRAM 000017
___lwmod                                  text6        002E1E
___lwmod@counter                          cstackCOMRAM 00001E
___lwmod@dividend                         cstackCOMRAM 00001A
___lwmod@divisor                          cstackCOMRAM 00001C
___param_bank                             (abs)        000010
___rparam_used                            (abs)        000001
___sp                                     stack        000000
___wmul                                   text5        002ED8
___wmul@multiplicand                      cstackCOMRAM 000015
___wmul@multiplier                        cstackCOMRAM 000013
___wmul@product                           cstackCOMRAM 000017
__accesstop                               (abs)        000060
__activetblptr                            (abs)        000002
__end_of_ISR                              intcode      00014E
__end_of_LCDcheckBF                       text28       002F30
__end_of_LCDclear                         text26       002F62
__end_of_LCDcmd                           text27       002F6E
__end_of_LCDgotoLineTwo                   text25       002F52
__end_of_LCDinit                          text24       002A16
__end_of_LCDwrite                         text3        002F42
__end_of___awtoft                         text19       002ED8
__end_of___ftadd                          text12       0023A6
__end_of___ftdiv                          text22       002950
__end_of___ftge                           text14       002BFC
__end_of___ftmul                          text13       00286A
__end_of___ftpack                         text23       002AC4
__end_of___ftsub                          text11       002EA0
__end_of___fttol                          text18       002672
__end_of___llmod                          text17       002C62
__end_of___lltoft                         text16       002D1C
__end_of___lwdiv                          text7        002E1E
__end_of___lwmod                          text6        002E60
__end_of___wmul                           text5        002EFE
__end_of__initialization                  cinit        002CB2
__end_of_configureComparators             text21       002DCC
__end_of_configureTimers                  text20       002B6C
__end_of_dpowers                          smallconst   00100B
__end_of_excerciseControl                 text8        001C1E
__end_of_isdigit                          text4        002F1C
__end_of_limitWheelSpeeds                 text15       002776
__end_of_main                             text0        001FFA
__end_of_printf                           text1        0021FA
__end_of_putch                            text2        002F78
__end_of_sqrt                             text10       002544
__end_of_wheelVelocity                    text9        002D74
__initialization                          cinit        002C62
__mediumconst                             mediumconst  000000
__pbssBANK0                               bssBANK0     0000A1
__pbssCOMRAM                              bssCOMRAM    00004A
__pcinit                                  cinit        002C62
__pcstackBANK0                            cstackBANK0  000060
__pcstackCOMRAM                           cstackCOMRAM 000001
__pdataBANK0                              dataBANK0    0000B4
__pdataCOMRAM                             dataCOMRAM   000046
__pidataBANK0                             idataBANK0   002F7C
__pidataCOMRAM                            idataCOMRAM  002F78
__pintcode                                intcode      000008
__psmallconst                             smallconst   001000
__ptext0                                  text0        001C1E
__ptext1                                  text1        001FFA
__ptext10                                 text10       0023A6
__ptext11                                 text11       002E60
__ptext12                                 text12       0021FA
__ptext13                                 text13       002776
__ptext14                                 text14       002B6C
__ptext15                                 text15       002672
__ptext16                                 text16       002CC0
__ptext17                                 text17       002BFC
__ptext18                                 text18       002544
__ptext19                                 text19       002EA0
__ptext2                                  text2        002F6E
__ptext20                                 text20       002AC4
__ptext21                                 text21       002D74
__ptext22                                 text22       00286A
__ptext23                                 text23       002A16
__ptext24                                 text24       002950
__ptext25                                 text25       002F42
__ptext26                                 text26       002F52
__ptext27                                 text27       002F62
__ptext28                                 text28       002F1C
__ptext3                                  text3        002F30
__ptext4                                  text4        002EFE
__ptext5                                  text5        002ED8
__ptext6                                  text6        002E1E
__ptext7                                  text7        002DCC
__ptext8                                  text8        001032
__ptext9                                  text9        002D1C
__ramtop                                  ramtop       001000
__size_of_ISR                             (abs)        000000
__size_of_LCDcheckBF                      (abs)        000000
__size_of_LCDclear                        (abs)        000000
__size_of_LCDcmd                          (abs)        000000
__size_of_LCDgotoLineTwo                  (abs)        000000
__size_of_LCDinit                         (abs)        000000
__size_of_LCDwrite                        (abs)        000000
__size_of___awtoft                        (abs)        000000
__size_of___ftadd                         (abs)        000000
__size_of___ftdiv                         (abs)        000000
__size_of___ftge                          (abs)        000000
__size_of___ftmul                         (abs)        000000
__size_of___ftpack                        (abs)        000000
__size_of___ftsub                         (abs)        000000
__size_of___fttol                         (abs)        000000
__size_of___llmod                         (abs)        000000
__size_of___lltoft                        (abs)        000000
__size_of___lwdiv                         (abs)        000000
__size_of___lwmod                         (abs)        000000
__size_of___wmul                          (abs)        000000
__size_of_configureComparators            (abs)        000000
__size_of_configureTimers                 (abs)        000000
__size_of_excerciseControl                (abs)        000000
__size_of_isdigit                         (abs)        000000
__size_of_limitWheelSpeeds                (abs)        000000
__size_of_main                            (abs)        000000
__size_of_printf                          (abs)        000000
__size_of_putch                           (abs)        000000
__size_of_sqrt                            (abs)        000000
__size_of_wheelVelocity                   (abs)        000000
__smallconst                              smallconst   001000
_configureComparators                     text21       002D74
_configureTimers                          text20       002AC4
_dpowers                                  smallconst   001001
_elapsedMillis                            bssBANK0     0000A1
_errno                                    bssCOMRAM    00004A
_event                                    bssBANK0     0000B1
_excerciseControl                         text8        001032
_excerciseControl$2011                    cstackBANK0  000083
_excerciseControl$2012                    cstackBANK0  000086
_excerciseControl$2013                    cstackBANK0  00007C
_isdigit                                  text4        002EFE
_isdigit$1671                             cstackCOMRAM 000014
_leftWheelCommandedPW                     dataCOMRAM   000046
_leftWheelCount                           bssBANK0     0000A5
_leftWheelMeasuredSpeed                   bssBANK0     0000AD
_limitWheelSpeeds                         text15       002672
_main                                     text0        001C1E
_printf                                   text1        001FFA
_putch                                    text2        002F6E
_rightWheelCommandedPW                    dataCOMRAM   000048
_rightWheelCount                          bssBANK0     0000A9
_rightWheelMeasuredSpeed                  bssBANK0     0000AF
_speedCompensation                        bssBANK0     0000B2
_sqrt                                     text10       0023A6
_wheelVelocity                            text9        002D1C
btemp                                     temp         00004C
end_of_initialization                     cinit        002CB2
excerciseControl@i                        cstackBANK0  00007F
excerciseControl@i_1028                   cstackBANK0  000081
excerciseControl@leftWheelCommandedSpeed  dataBANK0    0000B4
excerciseControl@rightWheelCommandedSpeed dataBANK0    0000B6
int$flags                                 temp         00004C
intlevel0                                 text         000000
intlevel1                                 text         000000
intlevel2                                 text         000000
intlevel3                                 text         000000
isdigit@c                                 cstackCOMRAM 000015
limitWheelSpeeds@leftWheelSpeed           cstackCOMRAM 000013
limitWheelSpeeds@rightWheelSpeed          cstackCOMRAM 000015
limitWheelSpeeds@speedCompensation        cstackCOMRAM 000017
main@controlLastMillis                    cstackBANK0  000091
main@lcdLastMillis                        cstackBANK0  000095
main@leftCountTracker                     cstackBANK0  000099
main@rightCountTracker                    cstackBANK0  00009B
main@speedLastMillis                      cstackBANK0  00009D
printf@ap                                 cstackCOMRAM 000029
printf@c                                  cstackCOMRAM 000031
printf@f                                  cstackCOMRAM 00001F
printf@flag                               cstackCOMRAM 00002C
printf@prec                               cstackCOMRAM 00002B
printf@val                                cstackCOMRAM 00002D
printf@width                              cstackCOMRAM 00002F
putch@data                                cstackCOMRAM 000015
sqrt@a                                    cstackCOMRAM 000036
sqrt@i                                    cstackBANK0  000066
sqrt@og                                   cstackBANK0  000060
sqrt@q                                    cstackBANK0  000067
sqrt@x                                    cstackBANK0  00006A
sqrt@z                                    cstackBANK0  000063
stackhi                                   (abs)        000F37
stacklo                                   (abs)        0000B8
start                                     init         00014E
start_initialization                      cinit        002C62
wheelVelocity@speed                       cstackCOMRAM 000013
wheelVelocity@speedCompensation           cstackCOMRAM 000015
wheelVelocity@wheel                       cstackCOMRAM 000019


FUNCTION INFORMATION:

 *************** function _main *****************
 Defined at:
		line 139 in file "main.c"
 Parameters:    Size  Location     Type
		None
 Auto vars:     Size  Location     Type
  speedLastMil    4   61[BANK0 ] unsigned long 
  lcdLastMilli    4   53[BANK0 ] unsigned long 
  controlLastM    4   49[BANK0 ] unsigned long 
  rightCountTr    2   59[BANK0 ] int 
  leftCountTra    2   57[BANK0 ] int 
 Return value:  Size  Location     Type
                  1    wreg      void 
 Registers used:
		wreg, fsr2l, fsr2h, status,2, status,0, tblptrl, tblptrh, tblptru, prodl, prodh, cstack
 Tracked objects:
		On entry : 
		On exit  : 
		Unchanged: 
 Data sizes:     COMRAM   BANK0   BANK1   BANK2   BANK3   BANK4   BANK5   BANK6   BANK7   BANK8   BANK9  BANK10  BANK11  BANK12  BANK13  BANK14  BANK15
      Params:         0       0       0       0       0       0       0       0       0       0       0       0       0       0       0       0       0
      Locals:         0      16       0       0       0       0       0       0       0       0       0       0       0       0       0       0       0
      Temps:          0       8       0       0       0       0       0       0       0       0       0       0       0       0       0       0       0
      Totals:         0      24       0       0       0       0       0       0       0       0       0       0       0       0       0       0       0
Total ram usage:       24 bytes
 Hardware stack levels required when called:    6
 This function calls:
		_LCDclear
		_LCDgotoLineTwo
		_LCDinit
		___ftdiv
		___ftmul
		___fttol
		___lltoft
		_configureComparators
		_configureTimers
		_excerciseControl
		_printf
 This function is called by:
		Startup code after reset
 This function uses a non-reentrant model


 *************** function _printf *****************
 Defined at:
		line 464 in file "/Applications/microchip/xc8/v1.36/sources/common/doprnt.c"
 Parameters:    Size  Location     Type
  f               2   30[COMRAM] PTR const unsigned char 
		 -> STR_4(8), STR_3(8), STR_2(10), STR_1(11), 
 Auto vars:     Size  Location     Type
  tmpval          4    0        struct .
  cp              3    0        PTR const unsigned char 
  width           2   46[COMRAM] int 
  val             2   44[COMRAM] unsigned int 
  ap              2   40[COMRAM] PTR void [1]
		 -> ?_printf(2), 
  len             2    0        unsigned int 
  c               1   48[COMRAM] char 
  flag            1   43[COMRAM] unsigned char 
  prec            1   42[COMRAM] char 
 Return value:  Size  Location     Type
                  2   30[COMRAM] int 
 Registers used:
		wreg, fsr2l, fsr2h, status,2, status,0, tblptrl, tblptrh, tblptru, prodl, prodh, cstack
 Tracked objects:
		On entry : 
		On exit  : 
		Unchanged: 
 Data sizes:     COMRAM   BANK0   BANK1   BANK2   BANK3   BANK4   BANK5   BANK6   BANK7   BANK8   BANK9  BANK10  BANK11  BANK12  BANK13  BANK14  BANK15
      Params:         6       0       0       0       0       0       0       0       0       0       0       0       0       0       0       0       0
      Locals:         9       0       0       0       0       0       0       0       0       0       0       0       0       0       0       0       0
      Temps:          4       0       0       0       0       0       0       0       0       0       0       0       0       0       0       0       0
      Totals:        19       0       0       0       0       0       0       0       0       0       0       0       0       0       0       0       0
Total ram usage:       19 bytes
 Hardware stack levels used:    1
 Hardware stack levels required when called:    4
 This function calls:
		___lwdiv
		___lwmod
		___wmul
		_isdigit
		_putch
 This function is called by:
		_main
 This function uses a non-reentrant model


 *************** function _putch *****************
 Defined at:
		line 12 in file "printfLib.c"
 Parameters:    Size  Location     Type
  data            1    wreg     unsigned char 
 Auto vars:     Size  Location     Type
  data            1   20[COMRAM] unsigned char 
 Return value:  Size  Location     Type
                  1    wreg      void 
 Registers used:
		wreg, status,2, cstack
 Tracked objects:
		On entry : 
		On exit  : 
		Unchanged: 
 Data sizes:     COMRAM   BANK0   BANK1   BANK2   BANK3   BANK4   BANK5   BANK6   BANK7   BANK8   BANK9  BANK10  BANK11  BANK12  BANK13  BANK14  BANK15
      Params:         0       0       0       0       0       0       0       0       0       0       0       0       0       0       0       0       0
      Locals:         1       0       0       0       0       0       0       0       0       0       0       0       0       0       0       0       0
      Temps:          0       0       0       0       0       0       0       0       0       0       0       0       0       0       0       0       0
      Totals:         1       0       0       0       0       0       0       0       0       0       0       0       0       0       0       0       0
Total ram usage:        1 bytes
 Hardware stack levels used:    1
 Hardware stack levels required when called:    3
 This function calls:
		_LCDwrite
 This function is called by:
		_printf
 This function uses a non-reentrant model


 *************** function _LCDwrite *****************
 Defined at:
		line 118 in file "lcd.c"
 Parameters:    Size  Location     Type
  input           1    wreg     unsigned char 
 Auto vars:     Size  Location     Type
  input           1   19[COMRAM] unsigned char 
 Return value:  Size  Location     Type
                  1    wreg      void 
 Registers used:
		wreg, status,2, cstack
 Tracked objects:
		On entry : 
		On exit  : 
		Unchanged: 
 Data sizes:     COMRAM   BANK0   BANK1   BANK2   BANK3   BANK4   BANK5   BANK6   BANK7   BANK8   BANK9  BANK10  BANK11  BANK12  BANK13  BANK14  BANK15
      Params:         0       0       0       0       0       0       0       0       0       0       0       0       0       0       0       0       0
      Locals:         1       0       0       0       0       0       0       0       0       0       0       0       0       0       0       0       0
      Temps:          0       0       0       0       0       0       0       0       0       0       0       0       0       0       0       0       0
      Totals:         1       0       0       0       0       0       0       0       0       0       0       0       0       0       0       0       0
Total ram usage:        1 bytes
 Hardware stack levels used:    1
 Hardware stack levels required when called:    2
 This function calls:
		_LCDcheckBF
		_LCDcmd
 This function is called by:
		_putch
		_LCDputs
		_LCDwriteLineOne
		_LCDwriteLineTwo
 This function uses a non-reentrant model


 *************** function _isdigit *****************
 Defined at:
		line 8 in file "/Applications/microchip/xc8/v1.36/sources/common/isdigit.c"
 Parameters:    Size  Location     Type
  c               1    wreg     unsigned char 
 Auto vars:     Size  Location     Type
  c               1   20[COMRAM] unsigned char 
 Return value:  Size  Location     Type
		None               void
 Registers used:
		wreg, status,2, status,0
 Tracked objects:
		On entry : 
		On exit  : 
		Unchanged: 
 Data sizes:     COMRAM   BANK0   BANK1   BANK2   BANK3   BANK4   BANK5   BANK6   BANK7   BANK8   BANK9  BANK10  BANK11  BANK12  BANK13  BANK14  BANK15
      Params:         0       0       0       0       0       0       0       0       0       0       0       0       0       0       0       0       0
      Locals:         2       0       0       0       0       0       0       0       0       0       0       0       0       0       0       0       0
      Temps:          1       0       0       0       0       0       0       0       0       0       0       0       0       0       0       0       0
      Totals:         3       0       0       0       0       0       0       0       0       0       0       0       0       0       0       0       0
Total ram usage:        3 bytes
 Hardware stack levels used:    1
 Hardware stack levels required when called:    1
 This function calls:
		Nothing
 This function is called by:
		_printf
 This function uses a non-reentrant model


 *************** function ___wmul *****************
 Defined at:
		line 15 in file "/Applications/microchip/xc8/v1.36/sources/common/Umul16.c"
 Parameters:    Size  Location     Type
  multiplier      2   18[COMRAM] unsigned int 
  multiplicand    2   20[COMRAM] unsigned int 
 Auto vars:     Size  Location     Type
  product         2   22[COMRAM] unsigned int 
 Return value:  Size  Location     Type
                  2   18[COMRAM] unsigned int 
 Registers used:
		wreg, status,2, status,0, prodl, prodh
 Tracked objects:
		On entry : 
		On exit  : 
		Unchanged: 
 Data sizes:     COMRAM   BANK0   BANK1   BANK2   BANK3   BANK4   BANK5   BANK6   BANK7   BANK8   BANK9  BANK10  BANK11  BANK12  BANK13  BANK14  BANK15
      Params:         4       0       0       0       0       0       0       0       0       0       0       0       0       0       0       0       0
      Locals:         2       0       0       0       0       0       0       0       0       0       0       0       0       0       0       0       0
      Temps:          0       0       0       0       0       0       0       0       0       0       0       0       0       0       0       0       0
      Totals:         6       0       0       0       0       0       0       0       0       0       0       0       0       0       0       0       0
Total ram usage:        6 bytes
 Hardware stack levels used:    1
 Hardware stack levels required when called:    1
 This function calls:
		Nothing
 This function is called by:
		_printf
 This function uses a non-reentrant model


 *************** function ___lwmod *****************
 Defined at:
		line 8 in file "/Applications/microchip/xc8/v1.36/sources/common/lwmod.c"
 Parameters:    Size  Location     Type
  dividend        2   25[COMRAM] unsigned int 
  divisor         2   27[COMRAM] unsigned int 
 Auto vars:     Size  Location     Type
  counter         1   29[COMRAM] unsigned char 
 Return value:  Size  Location     Type
                  2   25[COMRAM] unsigned int 
 Registers used:
		wreg, status,2, status,0
 Tracked objects:
		On entry : 
		On exit  : 
		Unchanged: 
 Data sizes:     COMRAM   BANK0   BANK1   BANK2   BANK3   BANK4   BANK5   BANK6   BANK7   BANK8   BANK9  BANK10  BANK11  BANK12  BANK13  BANK14  BANK15
      Params:         4       0       0       0       0       0       0       0       0       0       0       0       0       0       0       0       0
      Locals:         1       0       0       0       0       0       0       0       0       0       0       0       0       0       0       0       0
      Temps:          0       0       0       0       0       0       0       0       0       0       0       0       0       0       0       0       0
      Totals:         5       0       0       0       0       0       0       0       0       0       0       0       0       0       0       0       0
Total ram usage:        5 bytes
 Hardware stack levels used:    1
 Hardware stack levels required when called:    1
 This function calls:
		Nothing
 This function is called by:
		_printf
 This function uses a non-reentrant model


 *************** function ___lwdiv *****************
 Defined at:
		line 8 in file "/Applications/microchip/xc8/v1.36/sources/common/lwdiv.c"
 Parameters:    Size  Location     Type
  dividend        2   18[COMRAM] unsigned int 
  divisor         2   20[COMRAM] unsigned int 
 Auto vars:     Size  Location     Type
  quotient        2   22[COMRAM] unsigned int 
  counter         1   24[COMRAM] unsigned char 
 Return value:  Size  Location     Type
                  2   18[COMRAM] unsigned int 
 Registers used:
		wreg, status,2, status,0
 Tracked objects:
		On entry : 
		On exit  : 
		Unchanged: 
 Data sizes:     COMRAM   BANK0   BANK1   BANK2   BANK3   BANK4   BANK5   BANK6   BANK7   BANK8   BANK9  BANK10  BANK11  BANK12  BANK13  BANK14  BANK15
      Params:         4       0       0       0       0       0       0       0       0       0       0       0       0       0       0       0       0
      Locals:         3       0       0       0       0       0       0       0       0       0       0       0       0       0       0       0       0
      Temps:          0       0       0       0       0       0       0       0       0       0       0       0       0       0       0       0       0
      Totals:         7       0       0       0       0       0       0       0       0       0       0       0       0       0       0       0       0
Total ram usage:        7 bytes
 Hardware stack levels used:    1
 Hardware stack levels required when called:    1
 This function calls:
		Nothing
 This function is called by:
		_printf
 This function uses a non-reentrant model


 *************** function _excerciseControl *****************
 Defined at:
		line 337 in file "main.c"
 Parameters:    Size  Location     Type
		None
 Auto vars:     Size  Location     Type
  i               2   33[BANK0 ] int 
  i               2   31[BANK0 ] int 
 Return value:  Size  Location     Type
                  1    wreg      void 
 Registers used:
		wreg, fsr2l, fsr2h, status,2, status,0, cstack
 Tracked objects:
		On entry : 
		On exit  : 
		Unchanged: 
 Data sizes:     COMRAM   BANK0   BANK1   BANK2   BANK3   BANK4   BANK5   BANK6   BANK7   BANK8   BANK9  BANK10  BANK11  BANK12  BANK13  BANK14  BANK15
      Params:         0       0       0       0       0       0       0       0       0       0       0       0       0       0       0       0       0
      Locals:         0      13       0       0       0       0       0       0       0       0       0       0       0       0       0       0       0
      Temps:          0       4       0       0       0       0       0       0       0       0       0       0       0       0       0       0       0
      Totals:         0      17       0       0       0       0       0       0       0       0       0       0       0       0       0       0       0
Total ram usage:       17 bytes
 Hardware stack levels used:    1
 Hardware stack levels required when called:    5
 This function calls:
		___awtoft
		___ftadd
		___ftsub
		___fttol
		___llmod
		___lltoft
		_limitWheelSpeeds
		_sqrt
		_wheelVelocity
 This function is called by:
		_main
 This function uses a non-reentrant model


 *************** function _wheelVelocity *****************
 Defined at:
		line 245 in file "main.c"
 Parameters:    Size  Location     Type
  wheel           1    wreg     unsigned char 
  speed           2   18[COMRAM] int 
  speedCompens    2   20[COMRAM] int 
 Auto vars:     Size  Location     Type
  wheel           1   24[COMRAM] unsigned char 
 Return value:  Size  Location     Type
                  1    wreg      void 
 Registers used:
		wreg, status,2, status,0
 Tracked objects:
		On entry : 
		On exit  : 
		Unchanged: 
 Data sizes:     COMRAM   BANK0   BANK1   BANK2   BANK3   BANK4   BANK5   BANK6   BANK7   BANK8   BANK9  BANK10  BANK11  BANK12  BANK13  BANK14  BANK15
      Params:         4       0       0       0       0       0       0       0       0       0       0       0       0       0       0       0       0
      Locals:         1       0       0       0       0       0       0       0       0       0       0       0       0       0       0       0       0
      Temps:          2       0       0       0       0       0       0       0       0       0       0       0       0       0       0       0       0
      Totals:         7       0       0       0       0       0       0       0       0       0       0       0       0       0       0       0       0
Total ram usage:        7 bytes
 Hardware stack levels used:    1
 Hardware stack levels required when called:    1
 This function calls:
		Nothing
 This function is called by:
		_excerciseControl
 This function uses a non-reentrant model


 *************** function _sqrt *****************
 Defined at:
		line 9 in file "/Applications/microchip/xc8/v1.36/sources/common/sprcsqrt.c"
 Parameters:    Size  Location     Type
  a               3   53[COMRAM] void 
 Auto vars:     Size  Location     Type
  x               3   10[BANK0 ] void 
  q               3    7[BANK0 ] void 
  z               3    3[BANK0 ] void 
  og              3    0[BANK0 ] void 
  i               1    6[BANK0 ] unsigned char 
 Return value:  Size  Location     Type
                  3   53[COMRAM] unsigned char 
 Registers used:
		wreg, status,2, status,0, cstack
 Tracked objects:
		On entry : 
		On exit  : 
		Unchanged: 
 Data sizes:     COMRAM   BANK0   BANK1   BANK2   BANK3   BANK4   BANK5   BANK6   BANK7   BANK8   BANK9  BANK10  BANK11  BANK12  BANK13  BANK14  BANK15
      Params:         3       0       0       0       0       0       0       0       0       0       0       0       0       0       0       0       0
      Locals:         0      13       0       0       0       0       0       0       0       0       0       0       0       0       0       0       0
      Temps:          3       0       0       0       0       0       0       0       0       0       0       0       0       0       0       0       0
      Totals:         6      13       0       0       0       0       0       0       0       0       0       0       0       0       0       0       0
Total ram usage:       19 bytes
 Hardware stack levels used:    1
 Hardware stack levels required when called:    4
 This function calls:
		___ftge
		___ftmul
		___ftsub
 This function is called by:
		_excerciseControl
 This function uses a non-reentrant model


 *************** function ___ftsub *****************
 Defined at:
		line 20 in file "/Applications/microchip/xc8/v1.36/sources/common/ftsub.c"
 Parameters:    Size  Location     Type
  f1              3   47[COMRAM] float 
  f2              3   50[COMRAM] float 
 Auto vars:     Size  Location     Type
		None
 Return value:  Size  Location     Type
                  3   47[COMRAM] float 
 Registers used:
		wreg, status,2, status,0, cstack
 Tracked objects:
		On entry : 
		On exit  : 
		Unchanged: 
 Data sizes:     COMRAM   BANK0   BANK1   BANK2   BANK3   BANK4   BANK5   BANK6   BANK7   BANK8   BANK9  BANK10  BANK11  BANK12  BANK13  BANK14  BANK15
      Params:         6       0       0       0       0       0       0       0       0       0       0       0       0       0       0       0       0
      Locals:         0       0       0       0       0       0       0       0       0       0       0       0       0       0       0       0       0
      Temps:          0       0       0       0       0       0       0       0       0       0       0       0       0       0       0       0       0
      Totals:         6       0       0       0       0       0       0       0       0       0       0       0       0       0       0       0       0
Total ram usage:        6 bytes
 Hardware stack levels used:    1
 Hardware stack levels required when called:    3
 This function calls:
		___ftadd
 This function is called by:
		_excerciseControl
		_sqrt
 This function uses a non-reentrant model


 *************** function ___ftadd *****************
 Defined at:
		line 86 in file "/Applications/microchip/xc8/v1.36/sources/common/ftadd.c"
 Parameters:    Size  Location     Type
  f1              3   35[COMRAM] float 
  f2              3   38[COMRAM] float 
 Auto vars:     Size  Location     Type
  exp1            1   46[COMRAM] unsigned char 
  exp2            1   45[COMRAM] unsigned char 
  sign            1   44[COMRAM] unsigned char 
 Return value:  Size  Location     Type
                  3   35[COMRAM] float 
 Registers used:
		wreg, status,2, status,0, cstack
 Tracked objects:
		On entry : 
		On exit  : 
		Unchanged: 
 Data sizes:     COMRAM   BANK0   BANK1   BANK2   BANK3   BANK4   BANK5   BANK6   BANK7   BANK8   BANK9  BANK10  BANK11  BANK12  BANK13  BANK14  BANK15
      Params:         6       0       0       0       0       0       0       0       0       0       0       0       0       0       0       0       0
      Locals:         3       0       0       0       0       0       0       0       0       0       0       0       0       0       0       0       0
      Temps:          3       0       0       0       0       0       0       0       0       0       0       0       0       0       0       0       0
      Totals:        12       0       0       0       0       0       0       0       0       0       0       0       0       0       0       0       0
Total ram usage:       12 bytes
 Hardware stack levels used:    1
 Hardware stack levels required when called:    2
 This function calls:
		___ftpack
 This function is called by:
		_excerciseControl
		___ftsub
 This function uses a non-reentrant model


 *************** function ___ftmul *****************
 Defined at:
		line 62 in file "/Applications/microchip/xc8/v1.36/sources/common/ftmul.c"
 Parameters:    Size  Location     Type
  f1              3   35[COMRAM] float 
  f2              3   38[COMRAM] float 
 Auto vars:     Size  Location     Type
  f3_as_produc    3   45[COMRAM] unsigned um
  sign            1   49[COMRAM] unsigned char 
  cntr            1   48[COMRAM] unsigned char 
  exp             1   44[COMRAM] unsigned char 
 Return value:  Size  Location     Type
                  3   35[COMRAM] float 
 Registers used:
		wreg, status,2, status,0, cstack
 Tracked objects:
		On entry : 
		On exit  : 
		Unchanged: 
 Data sizes:     COMRAM   BANK0   BANK1   BANK2   BANK3   BANK4   BANK5   BANK6   BANK7   BANK8   BANK9  BANK10  BANK11  BANK12  BANK13  BANK14  BANK15
      Params:         6       0       0       0       0       0       0       0       0       0       0       0       0       0       0       0       0
      Locals:         6       0       0       0       0       0       0       0       0       0       0       0       0       0       0       0       0
      Temps:          3       0       0       0       0       0       0       0       0       0       0       0       0       0       0       0       0
      Totals:        15       0       0       0       0       0       0       0       0       0       0       0       0       0       0       0       0
Total ram usage:       15 bytes
 Hardware stack levels used:    1
 Hardware stack levels required when called:    2
 This function calls:
		___ftpack
 This function is called by:
		_main
		_sqrt
 This function uses a non-reentrant model


 *************** function ___ftge *****************
 Defined at:
		line 4 in file "/Applications/microchip/xc8/v1.36/sources/common/ftge.c"
 Parameters:    Size  Location     Type
  ff1             3   18[COMRAM] float 
  ff2             3   21[COMRAM] float 
 Auto vars:     Size  Location     Type
		None
 Return value:  Size  Location     Type
		None               void
 Registers used:
		wreg, status,2, status,0
 Tracked objects:
		On entry : 
		On exit  : 
		Unchanged: 
 Data sizes:     COMRAM   BANK0   BANK1   BANK2   BANK3   BANK4   BANK5   BANK6   BANK7   BANK8   BANK9  BANK10  BANK11  BANK12  BANK13  BANK14  BANK15
      Params:         6       0       0       0       0       0       0       0       0       0       0       0       0       0       0       0       0
      Locals:         0       0       0       0       0       0       0       0       0       0       0       0       0       0       0       0       0
      Temps:          3       0       0       0       0       0       0       0       0       0       0       0       0       0       0       0       0
      Totals:         9       0       0       0       0       0       0       0       0       0       0       0       0       0       0       0       0
Total ram usage:        9 bytes
 Hardware stack levels used:    1
 Hardware stack levels required when called:    1
 This function calls:
		Nothing
 This function is called by:
		_sqrt
 This function uses a non-reentrant model


 *************** function _limitWheelSpeeds *****************
 Defined at:
		line 213 in file "main.c"
 Parameters:    Size  Location     Type
  leftWheelSpe    2   18[COMRAM] PTR int 
		 -> excerciseControl@leftWheelCommandedSpeed(2), 
  rightWheelSp    2   20[COMRAM] PTR int 
		 -> excerciseControl@rightWheelCommandedSpeed(2), 
  speedCompens    2   22[COMRAM] PTR int 
		 -> speedCompensation(2), 
 Auto vars:     Size  Location     Type
		None
 Return value:  Size  Location     Type
                  1    wreg      void 
 Registers used:
		wreg, fsr2l, fsr2h, status,2, status,0
 Tracked objects:
		On entry : 
		On exit  : 
		Unchanged: 
 Data sizes:     COMRAM   BANK0   BANK1   BANK2   BANK3   BANK4   BANK5   BANK6   BANK7   BANK8   BANK9  BANK10  BANK11  BANK12  BANK13  BANK14  BANK15
      Params:         6       0       0       0       0       0       0       0       0       0       0       0       0       0       0       0       0
      Locals:         0       0       0       0       0       0       0       0       0       0       0       0       0       0       0       0       0
      Temps:          2       0       0       0       0       0       0       0       0       0       0       0       0       0       0       0       0
      Totals:         8       0       0       0       0       0       0       0       0       0       0       0       0       0       0       0       0
Total ram usage:        8 bytes
 Hardware stack levels used:    1
 Hardware stack levels required when called:    1
 This function calls:
		Nothing
 This function is called by:
		_excerciseControl
 This function uses a non-reentrant model


 *************** function ___lltoft *****************
 Defined at:
		line 35 in file "/Applications/microchip/xc8/v1.36/sources/common/lltoft.c"
 Parameters:    Size  Location     Type
  c               4   26[COMRAM] unsigned long 
 Auto vars:     Size  Location     Type
  exp             1   34[COMRAM] unsigned char 
 Return value:  Size  Location     Type
                  3   26[COMRAM] float 
 Registers used:
		wreg, status,2, status,0, cstack
 Tracked objects:
		On entry : 
		On exit  : 
		Unchanged: 
 Data sizes:     COMRAM   BANK0   BANK1   BANK2   BANK3   BANK4   BANK5   BANK6   BANK7   BANK8   BANK9  BANK10  BANK11  BANK12  BANK13  BANK14  BANK15
      Params:         4       0       0       0       0       0       0       0       0       0       0       0       0       0       0       0       0
      Locals:         1       0       0       0       0       0       0       0       0       0       0       0       0       0       0       0       0
      Temps:          4       0       0       0       0       0       0       0       0       0       0       0       0       0       0       0       0
      Totals:         9       0       0       0       0       0       0       0       0       0       0       0       0       0       0       0       0
Total ram usage:        9 bytes
 Hardware stack levels used:    1
 Hardware stack levels required when called:    2
 This function calls:
		___ftpack
 This function is called by:
		_main
		_excerciseControl
 This function uses a non-reentrant model


 *************** function ___llmod *****************
 Defined at:
		line 8 in file "/Applications/microchip/xc8/v1.36/sources/common/llmod.c"
 Parameters:    Size  Location     Type
  dividend        4   18[COMRAM] unsigned long 
  divisor         4   22[COMRAM] unsigned long 
 Auto vars:     Size  Location     Type
  counter         1   26[COMRAM] unsigned char 
 Return value:  Size  Location     Type
                  4   18[COMRAM] unsigned long 
 Registers used:
		wreg, status,2, status,0
 Tracked objects:
		On entry : 
		On exit  : 
		Unchanged: 
 Data sizes:     COMRAM   BANK0   BANK1   BANK2   BANK3   BANK4   BANK5   BANK6   BANK7   BANK8   BANK9  BANK10  BANK11  BANK12  BANK13  BANK14  BANK15
      Params:         8       0       0       0       0       0       0       0       0       0       0       0       0       0       0       0       0
      Locals:         1       0       0       0       0       0       0       0       0       0       0       0       0       0       0       0       0
      Temps:          0       0       0       0       0       0       0       0       0       0       0       0       0       0       0       0       0
      Totals:         9       0       0       0       0       0       0       0       0       0       0       0       0       0       0       0       0
Total ram usage:        9 bytes
 Hardware stack levels used:    1
 Hardware stack levels required when called:    1
 This function calls:
		Nothing
 This function is called by:
		_excerciseControl
 This function uses a non-reentrant model


 *************** function ___fttol *****************
 Defined at:
		line 44 in file "/Applications/microchip/xc8/v1.36/sources/common/fttol.c"
 Parameters:    Size  Location     Type
  f1              3   65[COMRAM] float 
 Auto vars:     Size  Location     Type
  lval            4   19[BANK0 ] unsigned long 
  exp1            1   23[BANK0 ] unsigned char 
  sign1           1   18[BANK0 ] unsigned char 
 Return value:  Size  Location     Type
                  4   65[COMRAM] long 
 Registers used:
		wreg, status,2, status,0
 Tracked objects:
		On entry : 
		On exit  : 
		Unchanged: 
 Data sizes:     COMRAM   BANK0   BANK1   BANK2   BANK3   BANK4   BANK5   BANK6   BANK7   BANK8   BANK9  BANK10  BANK11  BANK12  BANK13  BANK14  BANK15
      Params:         4       0       0       0       0       0       0       0       0       0       0       0       0       0       0       0       0
      Locals:         0       6       0       0       0       0       0       0       0       0       0       0       0       0       0       0       0
      Temps:          0       5       0       0       0       0       0       0       0       0       0       0       0       0       0       0       0
      Totals:         4      11       0       0       0       0       0       0       0       0       0       0       0       0       0       0       0
Total ram usage:       15 bytes
 Hardware stack levels used:    1
 Hardware stack levels required when called:    1
 This function calls:
		Nothing
 This function is called by:
		_main
		_excerciseControl
 This function uses a non-reentrant model


 *************** function ___awtoft *****************
 Defined at:
		line 32 in file "/Applications/microchip/xc8/v1.36/sources/common/awtoft.c"
 Parameters:    Size  Location     Type
  c               2   26[COMRAM] int 
 Auto vars:     Size  Location     Type
  sign            1   29[COMRAM] unsigned char 
 Return value:  Size  Location     Type
                  3   26[COMRAM] float 
 Registers used:
		wreg, status,2, status,0, cstack
 Tracked objects:
		On entry : 
		On exit  : 
		Unchanged: 
 Data sizes:     COMRAM   BANK0   BANK1   BANK2   BANK3   BANK4   BANK5   BANK6   BANK7   BANK8   BANK9  BANK10  BANK11  BANK12  BANK13  BANK14  BANK15
      Params:         3       0       0       0       0       0       0       0       0       0       0       0       0       0       0       0       0
      Locals:         1       0       0       0       0       0       0       0       0       0       0       0       0       0       0       0       0
      Temps:          0       0       0       0       0       0       0       0       0       0       0       0       0       0       0       0       0
      Totals:         4       0       0       0       0       0       0       0       0       0       0       0       0       0       0       0       0
Total ram usage:        4 bytes
 Hardware stack levels used:    1
 Hardware stack levels required when called:    2
 This function calls:
		___ftpack
 This function is called by:
		_excerciseControl
 This function uses a non-reentrant model


 *************** function _configureTimers *****************
 Defined at:
		line 511 in file "main.c"
 Parameters:    Size  Location     Type
		None
 Auto vars:     Size  Location     Type
		None
 Return value:  Size  Location     Type
                  1    wreg      void 
 Registers used:
		wreg, status,2
 Tracked objects:
		On entry : 
		On exit  : 
		Unchanged: 
 Data sizes:     COMRAM   BANK0   BANK1   BANK2   BANK3   BANK4   BANK5   BANK6   BANK7   BANK8   BANK9  BANK10  BANK11  BANK12  BANK13  BANK14  BANK15
      Params:         0       0       0       0       0       0       0       0       0       0       0       0       0       0       0       0       0
      Locals:         0       0       0       0       0       0       0       0       0       0       0       0       0       0       0       0       0
      Temps:          0       0       0       0       0       0       0       0       0       0       0       0       0       0       0       0       0
      Totals:         0       0       0       0       0       0       0       0       0       0       0       0       0       0       0       0       0
Total ram usage:        0 bytes
 Hardware stack levels used:    1
 Hardware stack levels required when called:    1
 This function calls:
		Nothing
 This function is called by:
		_main
 This function uses a non-reentrant model


 *************** function _configureComparators *****************
 Defined at:
		line 571 in file "main.c"
 Parameters:    Size  Location     Type
		None
 Auto vars:     Size  Location     Type
		None
 Return value:  Size  Location     Type
                  1    wreg      void 
 Registers used:
		wreg, status,2
 Tracked objects:
		On entry : 
		On exit  : 
		Unchanged: 
 Data sizes:     COMRAM   BANK0   BANK1   BANK2   BANK3   BANK4   BANK5   BANK6   BANK7   BANK8   BANK9  BANK10  BANK11  BANK12  BANK13  BANK14  BANK15
      Params:         0       0       0       0       0       0       0       0       0       0       0       0       0       0       0       0       0
      Locals:         0       0       0       0       0       0       0       0       0       0       0       0       0       0       0       0       0
      Temps:          0       0       0       0       0       0       0       0       0       0       0       0       0       0       0       0       0
      Totals:         0       0       0       0       0       0       0       0       0       0       0       0       0       0       0       0       0
Total ram usage:        0 bytes
 Hardware stack levels used:    1
 Hardware stack levels required when called:    1
 This function calls:
		Nothing
 This function is called by:
		_main
 This function uses a non-reentrant model


 *************** function ___ftdiv *****************
 Defined at:
		line 54 in file "/Applications/microchip/xc8/v1.36/sources/common/ftdiv.c"
 Parameters:    Size  Location     Type
  f1              3   50[COMRAM] float 
  f2              3   53[COMRAM] float 
 Auto vars:     Size  Location     Type
  f3              3   60[COMRAM] float 
  sign            1   64[COMRAM] unsigned char 
  exp             1   63[COMRAM] unsigned char 
  cntr            1   59[COMRAM] unsigned char 
 Return value:  Size  Location     Type
                  3   50[COMRAM] float 
 Registers used:
		wreg, status,2, status,0, cstack
 Tracked objects:
		On entry : 
		On exit  : 
		Unchanged: 
 Data sizes:     COMRAM   BANK0   BANK1   BANK2   BANK3   BANK4   BANK5   BANK6   BANK7   BANK8   BANK9  BANK10  BANK11  BANK12  BANK13  BANK14  BANK15
      Params:         6       0       0       0       0       0       0       0       0       0       0       0       0       0       0       0       0
      Locals:         6       0       0       0       0       0       0       0       0       0       0       0       0       0       0       0       0
      Temps:          3       0       0       0       0       0       0       0       0       0       0       0       0       0       0       0       0
      Totals:        15       0       0       0       0       0       0       0       0       0       0       0       0       0       0       0       0
Total ram usage:       15 bytes
 Hardware stack levels used:    1
 Hardware stack levels required when called:    2
 This function calls:
		___ftpack
 This function is called by:
		_main
 This function uses a non-reentrant model


 *************** function ___ftpack *****************
 Defined at:
		line 62 in file "/Applications/microchip/xc8/v1.36/sources/common/float.c"
 Parameters:    Size  Location     Type
  arg             3   18[COMRAM] unsigned um
  exp             1   21[COMRAM] unsigned char 
  sign            1   22[COMRAM] unsigned char 
 Auto vars:     Size  Location     Type
		None
 Return value:  Size  Location     Type
                  3   18[COMRAM] float 
 Registers used:
		wreg, status,2, status,0
 Tracked objects:
		On entry : 
		On exit  : 
		Unchanged: 
 Data sizes:     COMRAM   BANK0   BANK1   BANK2   BANK3   BANK4   BANK5   BANK6   BANK7   BANK8   BANK9  BANK10  BANK11  BANK12  BANK13  BANK14  BANK15
      Params:         5       0       0       0       0       0       0       0       0       0       0       0       0       0       0       0       0
      Locals:         0       0       0       0       0       0       0       0       0       0       0       0       0       0       0       0       0
      Temps:          3       0       0       0       0       0       0       0       0       0       0       0       0       0       0       0       0
      Totals:         8       0       0       0       0       0       0       0       0       0       0       0       0       0       0       0       0
Total ram usage:        8 bytes
 Hardware stack levels used:    1
 Hardware stack levels required when called:    1
 This function calls:
		Nothing
 This function is called by:
		___awtoft
		___ftadd
		___ftdiv
		___ftmul
		___lltoft
 This function uses a non-reentrant model


 *************** function _LCDinit *****************
 Defined at:
		line 60 in file "lcd.c"
 Parameters:    Size  Location     Type
		None
 Auto vars:     Size  Location     Type
		None
 Return value:  Size  Location     Type
                  1    wreg      void 
 Registers used:
		wreg, status,2, cstack
 Tracked objects:
		On entry : 
		On exit  : 
		Unchanged: 
 Data sizes:     COMRAM   BANK0   BANK1   BANK2   BANK3   BANK4   BANK5   BANK6   BANK7   BANK8   BANK9  BANK10  BANK11  BANK12  BANK13  BANK14  BANK15
      Params:         0       0       0       0       0       0       0       0       0       0       0       0       0       0       0       0       0
      Locals:         0       0       0       0       0       0       0       0       0       0       0       0       0       0       0       0       0
      Temps:          1       0       0       0       0       0       0       0       0       0       0       0       0       0       0       0       0
      Totals:         1       0       0       0       0       0       0       0       0       0       0       0       0       0       0       0       0
Total ram usage:        1 bytes
 Hardware stack levels used:    1
 Hardware stack levels required when called:    2
 This function calls:
		_LCDcheckBF
		_LCDcmd
 This function is called by:
		_main
 This function uses a non-reentrant model


 *************** function _LCDgotoLineTwo *****************
 Defined at:
		line 142 in file "lcd.c"
 Parameters:    Size  Location     Type
		None
 Auto vars:     Size  Location     Type
		None
 Return value:  Size  Location     Type
                  1    wreg      void 
 Registers used:
		wreg, cstack
 Tracked objects:
		On entry : 
		On exit  : 
		Unchanged: 
 Data sizes:     COMRAM   BANK0   BANK1   BANK2   BANK3   BANK4   BANK5   BANK6   BANK7   BANK8   BANK9  BANK10  BANK11  BANK12  BANK13  BANK14  BANK15
      Params:         0       0       0       0       0       0       0       0       0       0       0       0       0       0       0       0       0
      Locals:         0       0       0       0       0       0       0       0       0       0       0       0       0       0       0       0       0
      Temps:          0       0       0       0       0       0       0       0       0       0       0       0       0       0       0       0       0
      Totals:         0       0       0       0       0       0       0       0       0       0       0       0       0       0       0       0       0
Total ram usage:        0 bytes
 Hardware stack levels used:    1
 Hardware stack levels required when called:    2
 This function calls:
		_LCDcheckBF
		_LCDcmd
 This function is called by:
		_main
		_LCDputs
		_LCDwriteLineTwo
 This function uses a non-reentrant model


 *************** function _LCDclear *****************
 Defined at:
		line 126 in file "lcd.c"
 Parameters:    Size  Location     Type
		None
 Auto vars:     Size  Location     Type
		None
 Return value:  Size  Location     Type
                  1    wreg      void 
 Registers used:
		wreg, cstack
 Tracked objects:
		On entry : 
		On exit  : 
		Unchanged: 
 Data sizes:     COMRAM   BANK0   BANK1   BANK2   BANK3   BANK4   BANK5   BANK6   BANK7   BANK8   BANK9  BANK10  BANK11  BANK12  BANK13  BANK14  BANK15
      Params:         0       0       0       0       0       0       0       0       0       0       0       0       0       0       0       0       0
      Locals:         0       0       0       0       0       0       0       0       0       0       0       0       0       0       0       0       0
      Temps:          0       0       0       0       0       0       0       0       0       0       0       0       0       0       0       0       0
      Totals:         0       0       0       0       0       0       0       0       0       0       0       0       0       0       0       0       0
Total ram usage:        0 bytes
 Hardware stack levels used:    1
 Hardware stack levels required when called:    2
 This function calls:
		_LCDcheckBF
		_LCDcmd
 This function is called by:
		_main
		_LCDputs
 This function uses a non-reentrant model


 *************** function _LCDcmd *****************
 Defined at:
		line 94 in file "lcd.c"
 Parameters:    Size  Location     Type
  command         1    wreg     unsigned char 
 Auto vars:     Size  Location     Type
  command         1   18[COMRAM] unsigned char 
 Return value:  Size  Location     Type
                  1    wreg      void 
 Registers used:
		wreg
 Tracked objects:
		On entry : 
		On exit  : 
		Unchanged: 
 Data sizes:     COMRAM   BANK0   BANK1   BANK2   BANK3   BANK4   BANK5   BANK6   BANK7   BANK8   BANK9  BANK10  BANK11  BANK12  BANK13  BANK14  BANK15
      Params:         0       0       0       0       0       0       0       0       0       0       0       0       0       0       0       0       0
      Locals:         1       0       0       0       0       0       0       0       0       0       0       0       0       0       0       0       0
      Temps:          0       0       0       0       0       0       0       0       0       0       0       0       0       0       0       0       0
      Totals:         1       0       0       0       0       0       0       0       0       0       0       0       0       0       0       0       0
Total ram usage:        1 bytes
 Hardware stack levels used:    1
 Hardware stack levels required when called:    1
 This function calls:
		Nothing
 This function is called by:
		_LCDinit
		_LCDwrite
		_LCDclear
		_LCDgotoLineTwo
		_LCDgotoLineOne
 This function uses a non-reentrant model


 *************** function _LCDcheckBF *****************
 Defined at:
		line 101 in file "lcd.c"
 Parameters:    Size  Location     Type
		None
 Auto vars:     Size  Location     Type
		None
 Return value:  Size  Location     Type
                  1    wreg      void 
 Registers used:
		None
 Tracked objects:
		On entry : 
		On exit  : 
		Unchanged: 
 Data sizes:     COMRAM   BANK0   BANK1   BANK2   BANK3   BANK4   BANK5   BANK6   BANK7   BANK8   BANK9  BANK10  BANK11  BANK12  BANK13  BANK14  BANK15
      Params:         0       0       0       0       0       0       0       0       0       0       0       0       0       0       0       0       0
      Locals:         0       0       0       0       0       0       0       0       0       0       0       0       0       0       0       0       0
      Temps:          0       0       0       0       0       0       0       0       0       0       0       0       0       0       0       0       0
      Totals:         0       0       0       0       0       0       0       0       0       0       0       0       0       0       0       0       0
Total ram usage:        0 bytes
 Hardware stack levels used:    1
 Hardware stack levels required when called:    1
 This function calls:
		Nothing
 This function is called by:
		_LCDinit
		_LCDwrite
		_LCDclear
		_LCDgotoLineTwo
		_LCDgotoLineOne
 This function uses a non-reentrant model


 *************** function _ISR *****************
 Defined at:
		line 263 in file "main.c"
 Parameters:    Size  Location     Type
		None
 Auto vars:     Size  Location     Type
  dummy           1   17[COMRAM] unsigned char 
  dummy           1   16[COMRAM] unsigned char 
 Return value:  Size  Location     Type
                  1    wreg      void 
 Registers used:
		wreg, status,2, status,0
 Tracked objects:
		On entry : 
		On exit  : 
		Unchanged: 
 Data sizes:     COMRAM   BANK0   BANK1   BANK2   BANK3   BANK4   BANK5   BANK6   BANK7   BANK8   BANK9  BANK10  BANK11  BANK12  BANK13  BANK14  BANK15
      Params:         0       0       0       0       0       0       0       0       0       0       0       0       0       0       0       0       0
      Locals:         2       0       0       0       0       0       0       0       0       0       0       0       0       0       0       0       0
      Temps:         16       0       0       0       0       0       0       0       0       0       0       0       0       0       0       0       0
      Totals:        18       0       0       0       0       0       0       0       0       0       0       0       0       0       0       0       0
Total ram usage:       18 bytes
 Hardware stack levels used:    1
 This function calls:
		Nothing
 This function is called by:
		Interrupt level 2
 This function uses a non-reentrant model



MODULE INFORMATION

Module		Function		Class		Link	Load	Size
/Applications/microchip/xc8/v1.36/sources/common/isdigit.c
		_isdigit       		CODE           	2EFE	0000	31

/Applications/microchip/xc8/v1.36/sources/common/isdigit.c estimated size: 31

printfLib.c
		_putch         		CODE           	2F6E	0000	11

printfLib.c estimated size: 11

/Applications/microchip/xc8/v1.36/sources/common/awtoft.c
		___awtoft      		CODE           	2EA0	0000	57

/Applications/microchip/xc8/v1.36/sources/common/awtoft.c estimated size: 57

/Applications/microchip/xc8/v1.36/sources/common/ftsub.c
		___ftsub       		CODE           	2E60	0000	65

/Applications/microchip/xc8/v1.36/sources/common/ftsub.c estimated size: 65

/Applications/microchip/xc8/v1.36/sources/common/float.c
		___ftpack      		CODE           	2A16	0000	175

/Applications/microchip/xc8/v1.36/sources/common/float.c estimated size: 175

/Applications/microchip/xc8/v1.36/sources/common/ftge.c
		___ftge        		CODE           	2B6C	0000	145

/Applications/microchip/xc8/v1.36/sources/common/ftge.c estimated size: 145

/Applications/microchip/xc8/v1.36/sources/common/lltoft.c
		___lltoft      		CODE           	2CC0	0000	93

/Applications/microchip/xc8/v1.36/sources/common/lltoft.c estimated size: 93

/Applications/microchip/xc8/v1.36/sources/common/lwmod.c
		___lwmod       		CODE           	2E1E	0000	67

/Applications/microchip/xc8/v1.36/sources/common/lwmod.c estimated size: 67

/Applications/microchip/xc8/v1.36/sources/common/ftmul.c
		___ftmul       		CODE           	2776	0000	245

/Applications/microchip/xc8/v1.36/sources/common/ftmul.c estimated size: 245

/Applications/microchip/xc8/v1.36/sources/common/doprnt.c
		_printf        		CODE           	1FFA	0000	513

/Applications/microchip/xc8/v1.36/sources/common/doprnt.c estimated size: 513

/Applications/microchip/xc8/v1.36/sources/common/ftdiv.c
		___ftdiv       		CODE           	286A	0000	231

/Applications/microchip/xc8/v1.36/sources/common/ftdiv.c estimated size: 231

/Applications/microchip/xc8/v1.36/sources/common/llmod.c
		___llmod       		CODE           	2BFC	0000	103

/Applications/microchip/xc8/v1.36/sources/common/llmod.c estimated size: 103

shared
		_dpowers       		SMALLCONST     	1001	0000	11
		__initialization		CODE           	2C62	0000	81

shared estimated size: 92

/Applications/microchip/xc8/v1.36/sources/common/Umul16.c
		___wmul        		CODE           	2ED8	0000	39

/Applications/microchip/xc8/v1.36/sources/common/Umul16.c estimated size: 39

/Applications/microchip/xc8/v1.36/sources/common/sprcsqrt.c
		_sqrt          		CODE           	23A6	0000	415

/Applications/microchip/xc8/v1.36/sources/common/sprcsqrt.c estimated size: 415

lcd.c
		_LCDwrite      		CODE           	2F30	0000	19
		_LCDinit       		CODE           	2950	0000	199
		_LCDcheckBF    		CODE           	2F1C	0000	21
		_LCDgotoLineTwo		CODE           	2F42	0000	17
		_LCDclear      		CODE           	2F52	0000	17
		_LCDcmd        		CODE           	2F62	0000	13

lcd.c estimated size: 286

/Applications/microchip/xc8/v1.36/sources/common/fttol.c
		___fttol       		CODE           	2544	0000	303

/Applications/microchip/xc8/v1.36/sources/common/fttol.c estimated size: 303

/Applications/microchip/xc8/v1.36/sources/common/lwdiv.c
		___lwdiv       		CODE           	2DCC	0000	83

/Applications/microchip/xc8/v1.36/sources/common/lwdiv.c estimated size: 83

main.c
		_ISR           		CODE           	0008	0000	327
		_main          		CODE           	1C1E	0000	989
		_wheelVelocity 		CODE           	2D1C	0000	89
		_configureComparators		CODE           	2D74	0000	89
		_configureTimers		CODE           	2AC4	0000	169
		_excerciseControl		CODE           	1032	0000	3053
		_limitWheelSpeeds		CODE           	2672	0000	261

main.c estimated size: 4977

/Applications/microchip/xc8/v1.36/sources/common/ftadd.c
		___ftadd       		CODE           	21FA	0000	429

/Applications/microchip/xc8/v1.36/sources/common/ftadd.c estimated size: 429

