Microchip MPLAB XC8 Compiler V1.36 ()

Linker command line:

-W-3 --edf=/Applications/microchip/xc8/v1.36/dat/en_msgs.txt -cs \
  -h+dist/default/debug/PCCRuthPRJ1.X.debug.sym \
  --cmf=dist/default/debug/PCCRuthPRJ1.X.debug.cmf -z -Q18F46K22 \
  -o/tmp/xcWi54zW1 -Mdist/default/debug/PCCRuthPRJ1.X.debug.map -E1 \
  -ver=XC8 -ASTACK=0E5h-0f37h -pstack=STACK -ACODE=00h-0FFFFh \
  -ACONST=00h-0FFFFh -ASMALLCONST=01000h-010FFhx240 \
  -AMEDIUMCONST=01000h-0FFFFh -ACOMRAM=01h-05Fh -AABS1=00h-0F37h \
  -ABIGRAM=01h-0F37h -ARAM=060h-0FFh,0100h-01FFhx14,0F00h-0F37h \
  -ABANK0=060h-0FFh -ABANK1=0100h-01FFh -ABANK2=0200h-02FFh \
  -ABANK3=0300h-03FFh -ABANK4=0400h-04FFh -ABANK5=0500h-05FFh \
  -ABANK6=0600h-06FFh -ABANK7=0700h-07FFh -ABANK8=0800h-08FFh \
  -ABANK9=0900h-09FFh -ABANK10=0A00h-0AFFh -ABANK11=0B00h-0BFFh \
  -ABANK12=0C00h-0CFFh -ABANK13=0D00h-0DFFh -ABANK14=0E00h-0EFFh \
  -ABANK15=0F00h-0F37h -ASFR=0F38h-0F5Fh,0F60h-0FFCh \
  -preset_vec=00h,intcode=08h,intcodelo,powerup,init,end_init \
  -pramtop=01000h -psmallconst=SMALLCONST -pmediumconst=MEDIUMCONST \
  -pconst=CONST -AFARRAM=00h-00h -ACONFIG=0300000h-030000Dh -pconfig=CONFIG \
  -AIDLOC=0200000h-0200007h -pidloc=IDLOC -AEEDATA=0F00000h-0F003FFh \
  -peeprom_data=EEDATA \
  -prdata=COMRAM,nvrram=COMRAM,nvbit=COMRAM,rbss=COMRAM,rbit=COMRAM \
  -pfarbss=FARRAM,fardata=FARRAM,nvFARRAM=FARRAM \
  -pintsave_regs=BIGRAM,bigbss=BIGRAM,bigdata=BIGRAM -pbss=RAM \
  -pidata=CODE,irdata=CODE,ibigdata=CODE,ifardata=CODE -prparam=COMRAM \
  /tmp/xcFhKdNLp.obj dist/default/debug/PCCRuthPRJ1.X.debug.obj 

Object code version is 3.11

Machine type is 18F46K22

Call graph: (short form)




                Name                               Link     Load   Length Selector   Space Scale
/tmp/xcFhKdNLp.obj
                end_init                            14E      14E        4        4       0
                reset_vec                             0        0        6        0       0
                idloc                            200000   200000        8   200000       0
                config                           300000   300000        E   300000       0
dist/default/debug/PCCRuthPRJ1.X.debug.obj
                intcode                               8        8      146        4       0
                temp                                 4D       4D        1        1       1
                smallconst                         1000     1000       2A      800       0
                text32                             3196     3196       14      815       0
                text31                             31DC     31DC        C      815       0
                text30                             31CC     31CC       10      815       0
                text29                             31BC     31BC       10      815       0
                text28                             2A2E     2A2E       C6      815       0
                text27                             2AF4     2AF4       AE      815       0
                text26                             2948     2948       E6      815       0
                text25                             2FBE     2FBE       58      815       0
                text24                             2BA2     2BA2       A8      815       0
                text23                             2F62     2F62       5C      815       0
                text22                             2750     2750      104      815       0
                text21                             234A     234A      1AC      815       0
                text20                             3122     3122       30      815       0
                text19                             2C4A     2C4A       96      815       0
                text18                             24F6     24F6      144      815       0
                text17                             2E8C     2E8C       78      815       0
                text16                             2DFE     2DFE       8E      815       0
                text15                             2D70     2D70       8E      815       0
                text14                             2CE0     2CE0       90      815       0
                text13                             2854     2854       F4      815       0
                text12                             30AA     30AA       40      815       0
                text11                             219C     219C      1AE      815       0
                text10                             30EA     30EA       38      815       0
                text9                              263A     263A      116      815       0
                text8                              102A     102A      B8E      815       0
                text7                              3016     3016       52      815       0
                text6                              3068     3068       42      815       0
                text5                              3152     3152       26      815       0
                text4                              3178     3178       1E      815       0
                text3                              31AA     31AA       12      815       0
                text2                              31E8     31E8        A      815       0
                text1                              1F9C     1F9C      200      815       0
                text0                              1BB8     1BB8      3E4      815       0
                cstackCOMRAM                          1        1       46        1       1
                cstackBANK0                          60       60       66       60       1
                dataBANK0                            DD       DD        8       60       1
                bssBANK0                             C6       C6       17       60       1
                dataCOMRAM                           47       47        4        1       1
                bssCOMRAM                            4B       4B        2        1       1
                cinit                              2F04     2F04       5E      815       0
                idataBANK0                         31F2     31F2        8      815       0
                idataCOMRAM                        31FA     31FA        4      815       0

TOTAL           Name                               Link     Load   Length     Space
        CLASS   STACK          

        CLASS   CODE           
                end_init                            14E      14E        4         0
                intcode                               8        8      146         0
                reset_vec                             0        0        6         0
                text32                             3196     3196       14         0
                text31                             31DC     31DC        C         0
                text30                             31CC     31CC       10         0
                text29                             31BC     31BC       10         0
                text28                             2A2E     2A2E       C6         0
                text27                             2AF4     2AF4       AE         0
                text26                             2948     2948       E6         0
                text25                             2FBE     2FBE       58         0
                text24                             2BA2     2BA2       A8         0
                text23                             2F62     2F62       5C         0
                text22                             2750     2750      104         0
                text21                             234A     234A      1AC         0
                text20                             3122     3122       30         0
                text19                             2C4A     2C4A       96         0
                text18                             24F6     24F6      144         0
                text17                             2E8C     2E8C       78         0
                text16                             2DFE     2DFE       8E         0
                text15                             2D70     2D70       8E         0
                text14                             2CE0     2CE0       90         0
                text13                             2854     2854       F4         0
                text12                             30AA     30AA       40         0
                text11                             219C     219C      1AE         0
                text10                             30EA     30EA       38         0
                text9                              263A     263A      116         0
                text8                              102A     102A      B8E         0
                text7                              3016     3016       52         0
                text6                              3068     3068       42         0
                text5                              3152     3152       26         0
                text4                              3178     3178       1E         0
                text3                              31AA     31AA       12         0
                text2                              31E8     31E8        A         0
                text1                              1F9C     1F9C      200         0
                text0                              1BB8     1BB8      3E4         0
                cinit                              2F04     2F04       5E         0
                idataBANK0                         31F2     31F2        8         0
                idataCOMRAM                        31FA     31FA        4         0

        CLASS   CONST          

        CLASS   SMALLCONST     
                smallconst                         1000     1000       2A         0

        CLASS   MEDIUMCONST    

        CLASS   COMRAM         
                temp                                 4D       4D        1         1
                cstackCOMRAM                          1        1       46         1
                dataCOMRAM                           47       47        4         1
                bssCOMRAM                            4B       4B        2         1

        CLASS   ABS1           

        CLASS   BIGRAM         

        CLASS   RAM            

        CLASS   BANK0          
                cstackBANK0                          60       60       66         1
                dataBANK0                            DD       DD        8         1
                bssBANK0                             C6       C6       17         1

        CLASS   BANK1          

        CLASS   BANK2          

        CLASS   BANK3          

        CLASS   BANK4          

        CLASS   BANK5          

        CLASS   BANK6          

        CLASS   BANK7          

        CLASS   BANK8          

        CLASS   BANK9          

        CLASS   BANK10         

        CLASS   BANK11         

        CLASS   BANK12         

        CLASS   BANK13         

        CLASS   BANK14         

        CLASS   BANK15         

        CLASS   SFR            

        CLASS   FARRAM         

        CLASS   CONFIG         
                config                           300000   300000        E         0

        CLASS   IDLOC          
                idloc                            200000   200000        8         0

        CLASS   EEDATA         



SEGMENTS        Name                           Load    Length   Top    Selector   Space  Class

                reset_vec                      000000  000006  000006         0       0  CODE    
                cstackCOMRAM                   000001  00004D  00004E         1       1  COMRAM  
                intcode                        000008  00014A  000152         4       0  CODE    
                cstackBANK0                    000060  000085  0000E5        60       1  BANK0   
                smallconst                     001000  00002A  00102A       800       0  SMALLCON
                text8                          00102A  0021D4  0031FE       815       0  CODE    
                idloc                          200000  000008  200008    200000       0  IDLOC   
                config                         300000  00000E  30000E    300000       0  CONFIG  


UNUSED ADDRESS RANGES

        Name                Unused          Largest block    Delta
        BANK0            0000E5-0000FF               1B
        BANK1            000100-0001FF              100
        BANK10           000A00-000AFF              100
        BANK11           000B00-000BFF              100
        BANK12           000C00-000CFF              100
        BANK13           000D00-000DFF              100
        BANK14           000E00-000EFF              100
        BANK15           000F00-000F37               38
        BANK2            000200-0002FF              100
        BANK3            000300-0003FF              100
        BANK4            000400-0004FF              100
        BANK5            000500-0005FF              100
        BANK6            000600-0006FF              100
        BANK7            000700-0007FF              100
        BANK8            000800-0008FF              100
        BANK9            000900-0009FF              100
        BIGRAM           00004E-00005F               12
                         0000E5-000F37              E53
        CODE             000006-000007                2
                         000152-000FFF              EAE
                         0031FE-00FFFF             CE02
        COMRAM           00004E-00005F               12
        CONST            000006-000007                2
                         000152-000FFF              EAE
                         0031FE-00FFFF             CE02
        EEDATA           F00000-F003FF              400
        MEDIUMCONST      0031FE-00FFFF             CE02
        RAM              0000E5-000F37              100
        SFR              000F38-000FFC               28
        SMALLCONST       0031FE-00FFFF              100
        STACK            0000E5-000F37              E53

                                  Symbol Table

?___altoft                                cstackBANK0  000082
?___awtoft                                cstackCOMRAM 00001B
?___ftadd                                 cstackCOMRAM 000033
?___ftdiv                                 cstackCOMRAM 000033
?___ftmul                                 cstackCOMRAM 000024
?___ftneg                                 cstackBANK0  000060
?___ftpack                                cstackCOMRAM 000013
?___ftsub                                 cstackCOMRAM 00003F
?___fttol                                 cstackBANK0  000073
?___lltoft                                cstackCOMRAM 00001B
?___lwdiv                                 cstackCOMRAM 000013
?___lwmod                                 cstackCOMRAM 00001A
?___wmul                                  cstackCOMRAM 000013
?_printf                                  cstackCOMRAM 00001F
?_round                                   cstackBANK0  000092
?_sqrt                                    cstackBANK0  000060
?_trunc                                   cstackBANK0  00008A
ISR@dummy                                 cstackCOMRAM 000011
ISR@dummy_1019                            cstackCOMRAM 000012
LCDcmd@command                            cstackCOMRAM 000013
LCDwrite@input                            cstackCOMRAM 000014
_ANSELBbits                               (abs)        000F39
_ANSELD                                   (abs)        000F3B
_C1IE                                     (abs)        007D06
_C1IF                                     (abs)        007D0E
_C2IE                                     (abs)        007D05
_C2IF                                     (abs)        007D0D
_CCP2CON                                  (abs)        000F66
_CCP2CONbits                              (abs)        000F66
_CCP2IE                                   (abs)        007D00
_CCP2IF                                   (abs)        007D08
_CCP3CON                                  (abs)        000F5D
_CCP3CONbits                              (abs)        000F5D
_CCP3IE                                   (abs)        007BD0
_CCP3IF                                   (abs)        007BD8
_CCPR2                                    (abs)        000F67
_CCPR3                                    (abs)        000F5E
_CCPTMRS0bits                             (abs)        000F49
_CM1CON0                                  (abs)        000F79
_CM1CON0bits                              (abs)        000F79
_CM2CON0                                  (abs)        000F78
_CM2CON0bits                              (abs)        000F78
_CM2CON1bits                              (abs)        000F77
_INTCONbits                               (abs)        000FF2
_ISR                                      intcode      000008
_LATA                                     (abs)        000F89
_LATDbits                                 (abs)        000F8C
_LATEbits                                 (abs)        000F8D
_LCDcheckBF                               text32       003196
_LCDclear                                 text30       0031CC
_LCDcmd                                   text31       0031DC
_LCDgotoLineTwo                           text29       0031BC
_LCDinit                                  text28       002A2E
_LCDwrite                                 text3        0031AA
_OSCCONbits                               (abs)        000FD3
_PIE1bits                                 (abs)        000F9D
_PIE2bits                                 (abs)        000FA0
_PIR1bits                                 (abs)        000F9E
_PIR2bits                                 (abs)        000FA1
_PORTAbits                                (abs)        000F80
_PR2                                      (abs)        000FBB
_T1CON                                    (abs)        000FCD
_T1CONbits                                (abs)        000FCD
_T2CON                                    (abs)        000FBA
_T2CONbits                                (abs)        000FBA
_T5CON                                    (abs)        000F4E
_T5CONbits                                (abs)        000F4E
_TMR1                                     (abs)        000FCE
_TMR1ON                                   (abs)        007E68
_TMR2IE                                   (abs)        007CE9
_TMR2IF                                   (abs)        007CF1
_TMR5                                     (abs)        000F4F
_TMR5ON                                   (abs)        007A70
_TRISA                                    (abs)        000F92
_TRISAbits                                (abs)        000F92
_TRISBbits                                (abs)        000F93
_TRISDbits                                (abs)        000F95
_TRISEbits                                (abs)        000F96
_VREFCON0bits                             (abs)        000F42
__CFG_BOREN$SBORDIS                       (abs)        000000
__CFG_BORV$190                            (abs)        000000
__CFG_CCP2MX$PORTB3                       (abs)        000000
__CFG_CCP3MX$PORTB5                       (abs)        000000
__CFG_CP0$OFF                             (abs)        000000
__CFG_CP1$OFF                             (abs)        000000
__CFG_CP2$OFF                             (abs)        000000
__CFG_CP3$OFF                             (abs)        000000
__CFG_CPB$OFF                             (abs)        000000
__CFG_CPD$OFF                             (abs)        000000
__CFG_EBTR0$OFF                           (abs)        000000
__CFG_EBTR1$OFF                           (abs)        000000
__CFG_EBTR2$OFF                           (abs)        000000
__CFG_EBTR3$OFF                           (abs)        000000
__CFG_EBTRB$OFF                           (abs)        000000
__CFG_FCMEN$OFF                           (abs)        000000
__CFG_FOSC$INTIO67                        (abs)        000000
__CFG_HFOFST$ON                           (abs)        000000
__CFG_IESO$OFF                            (abs)        000000
__CFG_LVP$ON                              (abs)        000000
__CFG_MCLRE$EXTMCLR                       (abs)        000000
__CFG_P2BMX$PORTD2                        (abs)        000000
__CFG_PBADEN$OFF                          (abs)        000000
__CFG_PLLCFG$OFF                          (abs)        000000
__CFG_PRICLKEN$ON                         (abs)        000000
__CFG_PWRTEN$ON                           (abs)        000000
__CFG_STVREN$ON                           (abs)        000000
__CFG_T3CMX$PORTB5                        (abs)        000000
__CFG_WDTEN$OFF                           (abs)        000000
__CFG_WDTPS$32768                         (abs)        000000
__CFG_WRT0$OFF                            (abs)        000000
__CFG_WRT1$OFF                            (abs)        000000
__CFG_WRT2$OFF                            (abs)        000000
__CFG_WRT3$OFF                            (abs)        000000
__CFG_WRTB$OFF                            (abs)        000000
__CFG_WRTC$OFF                            (abs)        000000
__CFG_WRTD$OFF                            (abs)        000000
__CFG_XINST$OFF                           (abs)        000000
__HRAM                                    (abs)        000000
__Habs1                                   abs1         000000
__Hbank0                                  bank0        000000
__Hbank1                                  bank1        000000
__Hbank10                                 bank10       000000
__Hbank11                                 bank11       000000
__Hbank12                                 bank12       000000
__Hbank13                                 bank13       000000
__Hbank14                                 bank14       000000
__Hbank15                                 bank15       000000
__Hbank2                                  bank2        000000
__Hbank3                                  bank3        000000
__Hbank4                                  bank4        000000
__Hbank5                                  bank5        000000
__Hbank6                                  bank6        000000
__Hbank7                                  bank7        000000
__Hbank8                                  bank8        000000
__Hbank9                                  bank9        000000
__Hbigbss                                 bigbss       000000
__Hbigdata                                bigdata      000000
__Hbigram                                 bigram       000000
__Hbss                                    bss          000000
__HbssBANK0                               bssBANK0     000000
__HbssCOMRAM                              bssCOMRAM    000000
__Hcinit                                  cinit        000000
__Hclrtext                                clrtext      000000
__Hcomram                                 comram       000000
__Hconfig                                 config       30000E
__Hconst                                  const        000000
__HcstackBANK0                            cstackBANK0  000000
__HcstackCOMRAM                           cstackCOMRAM 000000
__Hdata                                   data         000000
__HdataBANK0                              dataBANK0    000000
__HdataCOMRAM                             dataCOMRAM   000000
__Heeprom_data                            eeprom_data  000000
__Hend_init                               end_init     000152
__Hfarbss                                 farbss       000000
__Hfardata                                fardata      000000
__Hibigdata                               ibigdata     000000
__Hidata                                  idata        000000
__HidataBANK0                             idataBANK0   000000
__HidataCOMRAM                            idataCOMRAM  000000
__Hidloc                                  idloc        200008
__Hifardata                               ifardata     000000
__Hinit                                   init         00014E
__Hintcode                                intcode      00014E
__Hintcode_body                           intcode_body 000000
__Hintcodelo                              intcodelo    00014E
__Hintentry                               intentry     000000
__Hintret                                 intret       000000
__Hintsave_regs                           intsave_regs 000000
__Hirdata                                 irdata       000000
__Hmediumconst                            mediumconst  000000
__HnvFARRAM                               nvFARRAM     000000
__Hnvbit                                  nvbit        000000
__Hnvrram                                 nvrram       000000
__Hparam                                  rparam       000000
__Hpowerup                                powerup      00014E
__Hram                                    ram          000000
__Hramtop                                 ramtop       001000
__Hrbit                                   rbit         000000
__Hrbss                                   rbss         000000
__Hrdata                                  rdata        000000
__Hreset_vec                              reset_vec    000006
__Hrparam                                 rparam       000000
__Hsfr                                    sfr          000000
__Hsmallconst                             smallconst   00102A
__Hspace_0                                (abs)        30000E
__Hspace_1                                (abs)        0000E5
__Hspace_2                                (abs)        000000
__Hstack                                  stack        000000
__Hstruct                                 struct       000000
__Htemp                                   temp         00004E
__Htext                                   text         000000
__Htext0                                  text0        000000
__Htext1                                  text1        000000
__Htext10                                 text10       000000
__Htext11                                 text11       000000
__Htext12                                 text12       000000
__Htext13                                 text13       000000
__Htext14                                 text14       000000
__Htext15                                 text15       000000
__Htext16                                 text16       000000
__Htext17                                 text17       000000
__Htext18                                 text18       000000
__Htext19                                 text19       000000
__Htext2                                  text2        000000
__Htext20                                 text20       000000
__Htext21                                 text21       000000
__Htext22                                 text22       000000
__Htext23                                 text23       000000
__Htext24                                 text24       000000
__Htext25                                 text25       000000
__Htext26                                 text26       000000
__Htext27                                 text27       000000
__Htext28                                 text28       000000
__Htext29                                 text29       000000
__Htext3                                  text3        000000
__Htext30                                 text30       000000
__Htext31                                 text31       000000
__Htext32                                 text32       000000
__Htext4                                  text4        000000
__Htext5                                  text5        000000
__Htext6                                  text6        000000
__Htext7                                  text7        000000
__Htext8                                  text8        000000
__Htext9                                  text9        000000
__LRAM                                    (abs)        000001
__Labs1                                   abs1         000000
__Lbank0                                  bank0        000000
__Lbank1                                  bank1        000000
__Lbank10                                 bank10       000000
__Lbank11                                 bank11       000000
__Lbank12                                 bank12       000000
__Lbank13                                 bank13       000000
__Lbank14                                 bank14       000000
__Lbank15                                 bank15       000000
__Lbank2                                  bank2        000000
__Lbank3                                  bank3        000000
__Lbank4                                  bank4        000000
__Lbank5                                  bank5        000000
__Lbank6                                  bank6        000000
__Lbank7                                  bank7        000000
__Lbank8                                  bank8        000000
__Lbank9                                  bank9        000000
__Lbigbss                                 bigbss       000000
__Lbigdata                                bigdata      000000
__Lbigram                                 bigram       000000
__Lbss                                    bss          000000
__LbssBANK0                               bssBANK0     000000
__LbssCOMRAM                              bssCOMRAM    000000
__Lcinit                                  cinit        000000
__Lclrtext                                clrtext      000000
__Lcomram                                 comram       000000
__Lconfig                                 config       300000
__Lconst                                  const        000000
__LcstackBANK0                            cstackBANK0  000000
__LcstackCOMRAM                           cstackCOMRAM 000000
__Ldata                                   data         000000
__LdataBANK0                              dataBANK0    000000
__LdataCOMRAM                             dataCOMRAM   000000
__Leeprom_data                            eeprom_data  000000
__Lend_init                               end_init     00014E
__Lfarbss                                 farbss       000000
__Lfardata                                fardata      000000
__Libigdata                               ibigdata     000000
__Lidata                                  idata        000000
__LidataBANK0                             idataBANK0   000000
__LidataCOMRAM                            idataCOMRAM  000000
__Lidloc                                  idloc        200000
__Lifardata                               ifardata     000000
__Linit                                   init         00014E
__Lintcode                                intcode      000008
__Lintcode_body                           intcode_body 000000
__Lintcodelo                              intcodelo    00014E
__Lintentry                               intentry     000000
__Lintret                                 intret       000000
__Lintsave_regs                           intsave_regs 000000
__Lirdata                                 irdata       000000
__Lmediumconst                            mediumconst  000000
__LnvFARRAM                               nvFARRAM     000000
__Lnvbit                                  nvbit        000000
__Lnvrram                                 nvrram       000000
__Lparam                                  rparam       000000
__Lpowerup                                powerup      00014E
__Lram                                    ram          000000
__Lramtop                                 ramtop       001000
__Lrbit                                   rbit         000000
__Lrbss                                   rbss         000000
__Lrdata                                  rdata        000000
__Lreset_vec                              reset_vec    000000
__Lrparam                                 rparam       000000
__Lsfr                                    sfr          000000
__Lsmallconst                             smallconst   001000
__Lspace_0                                (abs)        000000
__Lspace_1                                (abs)        000000
__Lspace_2                                (abs)        000000
__Lstack                                  stack        000000
__Lstruct                                 struct       000000
__Ltemp                                   temp         00004D
__Ltext                                   text         000000
__Ltext0                                  text0        000000
__Ltext1                                  text1        000000
__Ltext10                                 text10       000000
__Ltext11                                 text11       000000
__Ltext12                                 text12       000000
__Ltext13                                 text13       000000
__Ltext14                                 text14       000000
__Ltext15                                 text15       000000
__Ltext16                                 text16       000000
__Ltext17                                 text17       000000
__Ltext18                                 text18       000000
__Ltext19                                 text19       000000
__Ltext2                                  text2        000000
__Ltext20                                 text20       000000
__Ltext21                                 text21       000000
__Ltext22                                 text22       000000
__Ltext23                                 text23       000000
__Ltext24                                 text24       000000
__Ltext25                                 text25       000000
__Ltext26                                 text26       000000
__Ltext27                                 text27       000000
__Ltext28                                 text28       000000
__Ltext29                                 text29       000000
__Ltext3                                  text3        000000
__Ltext30                                 text30       000000
__Ltext31                                 text31       000000
__Ltext32                                 text32       000000
__Ltext4                                  text4        000000
__Ltext5                                  text5        000000
__Ltext6                                  text6        000000
__Ltext7                                  text7        000000
__Ltext8                                  text8        000000
__Ltext9                                  text9        000000
__S0                                      (abs)        30000E
__S1                                      (abs)        0000E5
__S2                                      (abs)        000000
___altoft                                 text19       002C4A
___altoft@c                               cstackBANK0  000082
___altoft@exp                             cstackCOMRAM 000045
___altoft@sign                            cstackCOMRAM 000046
___awtoft                                 text10       0030EA
___awtoft@c                               cstackCOMRAM 00001B
___awtoft@sign                            cstackCOMRAM 00001E
___ftadd                                  text21       00234A
___ftadd@exp1                             cstackCOMRAM 00003E
___ftadd@exp2                             cstackCOMRAM 00003D
___ftadd@f1                               cstackCOMRAM 000033
___ftadd@f2                               cstackCOMRAM 000036
___ftadd@sign                             cstackCOMRAM 00003C
___ftdiv                                  text26       002948
___ftdiv@cntr                             cstackCOMRAM 00003C
___ftdiv@exp                              cstackCOMRAM 000040
___ftdiv@f1                               cstackCOMRAM 000033
___ftdiv@f2                               cstackCOMRAM 000036
___ftdiv@f3                               cstackCOMRAM 00003D
___ftdiv@sign                             cstackCOMRAM 000041
___ftge                                   text14       002CE0
___ftge@ff1                               cstackCOMRAM 000033
___ftge@ff2                               cstackCOMRAM 000036
___ftmul                                  text13       002854
___ftmul@cntr                             cstackCOMRAM 000031
___ftmul@exp                              cstackCOMRAM 00002D
___ftmul@f1                               cstackCOMRAM 000024
___ftmul@f2                               cstackCOMRAM 000027
___ftmul@f3_as_product                    cstackCOMRAM 00002E
___ftmul@sign                             cstackCOMRAM 000032
___ftneg                                  text20       003122
___ftneg@f1                               cstackBANK0  000060
___ftpack                                 text27       002AF4
___ftpack@arg                             cstackCOMRAM 000013
___ftpack@exp                             cstackCOMRAM 000016
___ftpack@sign                            cstackCOMRAM 000017
___ftsub                                  text12       0030AA
___ftsub@f1                               cstackCOMRAM 00003F
___ftsub@f2                               cstackCOMRAM 000042
___fttol                                  text18       0024F6
___fttol@exp1                             cstackBANK0  000081
___fttol@f1                               cstackBANK0  000073
___fttol@lval                             cstackBANK0  00007D
___fttol@sign1                            cstackBANK0  00007C
___inthi_sp                               stack        000000
___intlo_sp                               stack        000000
___lltoft                                 text23       002F62
___lltoft@c                               cstackCOMRAM 00001B
___lltoft@exp                             cstackCOMRAM 000023
___lwdiv                                  text7        003016
___lwdiv@counter                          cstackCOMRAM 000019
___lwdiv@dividend                         cstackCOMRAM 000013
___lwdiv@divisor                          cstackCOMRAM 000015
___lwdiv@quotient                         cstackCOMRAM 000017
___lwmod                                  text6        003068
___lwmod@counter                          cstackCOMRAM 00001E
___lwmod@dividend                         cstackCOMRAM 00001A
___lwmod@divisor                          cstackCOMRAM 00001C
___param_bank                             (abs)        000010
___rparam_used                            (abs)        000001
___sp                                     stack        000000
___wmul                                   text5        003152
___wmul@multiplicand                      cstackCOMRAM 000015
___wmul@multiplier                        cstackCOMRAM 000013
___wmul@product                           cstackCOMRAM 000017
__accesstop                               (abs)        000060
__activetblptr                            (abs)        000002
__end_of_ISR                              intcode      00014E
__end_of_LCDcheckBF                       text32       0031AA
__end_of_LCDclear                         text30       0031DC
__end_of_LCDcmd                           text31       0031E8
__end_of_LCDgotoLineTwo                   text29       0031CC
__end_of_LCDinit                          text28       002AF4
__end_of_LCDwrite                         text3        0031BC
__end_of___altoft                         text19       002CE0
__end_of___awtoft                         text10       003122
__end_of___ftadd                          text21       0024F6
__end_of___ftdiv                          text26       002A2E
__end_of___ftge                           text14       002D70
__end_of___ftmul                          text13       002948
__end_of___ftneg                          text20       003152
__end_of___ftpack                         text27       002BA2
__end_of___ftsub                          text12       0030EA
__end_of___fttol                          text18       00263A
__end_of___lltoft                         text23       002FBE
__end_of___lwdiv                          text7        003068
__end_of___lwmod                          text6        0030AA
__end_of___wmul                           text5        003178
__end_of__initialization                  cinit        002F54
__end_of_configureComparators             text25       003016
__end_of_configureTimers                  text24       002C4A
__end_of_dpowers                          smallconst   00100B
__end_of_excerciseControl                 text8        001BB8
__end_of_frexp                            text17       002F04
__end_of_isdigit                          text4        003196
__end_of_limitWheelSpeeds                 text22       002854
__end_of_main                             text0        001F9C
__end_of_printf                           text1        00219C
__end_of_putch                            text2        0031F2
__end_of_round                            text15       002DFE
__end_of_sqrt                             text11       00234A
__end_of_trunc                            text16       002E8C
__end_of_wheelVelocity                    text9        002750
__initialization                          cinit        002F04
__mediumconst                             mediumconst  000000
__pbssBANK0                               bssBANK0     0000C6
__pbssCOMRAM                              bssCOMRAM    00004B
__pcinit                                  cinit        002F04
__pcstackBANK0                            cstackBANK0  000060
__pcstackCOMRAM                           cstackCOMRAM 000001
__pdataBANK0                              dataBANK0    0000DD
__pdataCOMRAM                             dataCOMRAM   000047
__pidataBANK0                             idataBANK0   0031F2
__pidataCOMRAM                            idataCOMRAM  0031FA
__pintcode                                intcode      000008
__psmallconst                             smallconst   001000
__ptext0                                  text0        001BB8
__ptext1                                  text1        001F9C
__ptext10                                 text10       0030EA
__ptext11                                 text11       00219C
__ptext12                                 text12       0030AA
__ptext13                                 text13       002854
__ptext14                                 text14       002CE0
__ptext15                                 text15       002D70
__ptext16                                 text16       002DFE
__ptext17                                 text17       002E8C
__ptext18                                 text18       0024F6
__ptext19                                 text19       002C4A
__ptext2                                  text2        0031E8
__ptext20                                 text20       003122
__ptext21                                 text21       00234A
__ptext22                                 text22       002750
__ptext23                                 text23       002F62
__ptext24                                 text24       002BA2
__ptext25                                 text25       002FBE
__ptext26                                 text26       002948
__ptext27                                 text27       002AF4
__ptext28                                 text28       002A2E
__ptext29                                 text29       0031BC
__ptext3                                  text3        0031AA
__ptext30                                 text30       0031CC
__ptext31                                 text31       0031DC
__ptext32                                 text32       003196
__ptext4                                  text4        003178
__ptext5                                  text5        003152
__ptext6                                  text6        003068
__ptext7                                  text7        003016
__ptext8                                  text8        00102A
__ptext9                                  text9        00263A
__ramtop                                  ramtop       001000
__size_of_ISR                             (abs)        000000
__size_of_LCDcheckBF                      (abs)        000000
__size_of_LCDclear                        (abs)        000000
__size_of_LCDcmd                          (abs)        000000
__size_of_LCDgotoLineTwo                  (abs)        000000
__size_of_LCDinit                         (abs)        000000
__size_of_LCDwrite                        (abs)        000000
__size_of___altoft                        (abs)        000000
__size_of___awtoft                        (abs)        000000
__size_of___ftadd                         (abs)        000000
__size_of___ftdiv                         (abs)        000000
__size_of___ftge                          (abs)        000000
__size_of___ftmul                         (abs)        000000
__size_of___ftneg                         (abs)        000000
__size_of___ftpack                        (abs)        000000
__size_of___ftsub                         (abs)        000000
__size_of___fttol                         (abs)        000000
__size_of___lltoft                        (abs)        000000
__size_of___lwdiv                         (abs)        000000
__size_of___lwmod                         (abs)        000000
__size_of___wmul                          (abs)        000000
__size_of_configureComparators            (abs)        000000
__size_of_configureTimers                 (abs)        000000
__size_of_excerciseControl                (abs)        000000
__size_of_frexp                           (abs)        000000
__size_of_isdigit                         (abs)        000000
__size_of_limitWheelSpeeds                (abs)        000000
__size_of_main                            (abs)        000000
__size_of_printf                          (abs)        000000
__size_of_putch                           (abs)        000000
__size_of_round                           (abs)        000000
__size_of_sqrt                            (abs)        000000
__size_of_trunc                           (abs)        000000
__size_of_wheelVelocity                   (abs)        000000
__smallconst                              smallconst   001000
_configureComparators                     text25       002FBE
_configureTimers                          text24       002BA2
_control_ms                               dataBANK0    0000DD
_dpowers                                  smallconst   001001
_elapsedMillis                            bssBANK0     0000C6
_errno                                    bssCOMRAM    00004B
_event                                    bssBANK0     0000DA
_excerciseControl                         text8        00102A
_excerciseControl$2067                    cstackBANK0  0000A1
_excerciseControl$2068                    cstackBANK0  0000A4
_excerciseControl$2069                    cstackBANK0  0000A7
_excerciseControl$2070                    cstackBANK0  00009E
_frexp                                    text17       002E8C
_isdigit                                  text4        003178
_isdigit$1679                             cstackCOMRAM 000014
_leftWheelCommandedPW                     dataCOMRAM   000047
_leftWheelCount                           bssBANK0     0000CA
_leftWheelMeasuredSpeed                   bssBANK0     0000D6
_limitWheelSpeeds                         text22       002750
_main                                     text0        001BB8
_printf                                   text1        001F9C
_putch                                    text2        0031E8
_rightWheelCommandedPW                    dataCOMRAM   000049
_rightWheelCount                          bssBANK0     0000CE
_rightWheelMeasuredSpeed                  bssBANK0     0000D8
_round                                    text15       002D70
_speedCompensation                        bssBANK0     0000DB
_sqrt                                     text11       00219C
_trunc                                    text16       002DFE
_wheelVelocity                            text9        00263A
_wheelVelocity$2066                       cstackBANK0  000086
btemp                                     temp         00004D
end_of_initialization                     cinit        002F54
excerciseControl@i                        cstackBANK0  0000AA
excerciseControl@i_1035                   cstackBANK0  0000AC
excerciseControl@leftIntegral             dataBANK0    0000DF
excerciseControl@leftWheelCommandedSpeed  dataBANK0    0000E1
excerciseControl@rightWheelCommandedSpeed dataBANK0    0000E3
excerciseControl@startCircleMillis        bssBANK0     0000D2
excerciseControl@temp                     cstackBANK0  00009C
frexp@eptr                                cstackCOMRAM 000016
frexp@value                               cstackCOMRAM 000013
int$flags                                 temp         00004D
intlevel0                                 text         000000
intlevel1                                 text         000000
intlevel2                                 text         000000
intlevel3                                 text         000000
isdigit@c                                 cstackCOMRAM 000015
limitWheelSpeeds@leftWheelSpeed           cstackCOMRAM 000013
limitWheelSpeeds@rightWheelSpeed          cstackCOMRAM 000015
limitWheelSpeeds@speedCompensation        cstackCOMRAM 000017
main@controlLastMillis                    cstackBANK0  0000B6
main@lcdLastMillis                        cstackBANK0  0000BA
main@leftCountTracker                     cstackBANK0  0000BE
main@rightCountTracker                    cstackBANK0  0000C0
main@speedLastMillis                      cstackBANK0  0000C2
printf@ap                                 cstackCOMRAM 000029
printf@c                                  cstackCOMRAM 000031
printf@f                                  cstackCOMRAM 00001F
printf@flag                               cstackCOMRAM 00002C
printf@prec                               cstackCOMRAM 00002B
printf@val                                cstackCOMRAM 00002D
printf@width                              cstackCOMRAM 00002F
putch@data                                cstackCOMRAM 000015
round@f                                   cstackBANK0  000095
round@x                                   cstackBANK0  000092
sqrt@a                                    cstackBANK0  000060
sqrt@i                                    cstackBANK0  00006C
sqrt@og                                   cstackBANK0  000066
sqrt@q                                    cstackBANK0  00006D
sqrt@x                                    cstackBANK0  000070
sqrt@z                                    cstackBANK0  000069
stackhi                                   (abs)        000F37
stacklo                                   (abs)        0000E5
start                                     init         00014E
start_initialization                      cinit        002F04
trunc@expon                               cstackBANK0  000090
trunc@i                                   cstackBANK0  00008D
trunc@x                                   cstackBANK0  00008A
wheelVelocity@speed                       cstackBANK0  000082
wheelVelocity@speedCompensation           cstackBANK0  000084
wheelVelocity@wheel                       cstackBANK0  000089


FUNCTION INFORMATION:

 *************** function _main *****************
 Defined at:
		line 146 in file "main.c"
 Parameters:    Size  Location     Type
		None
 Auto vars:     Size  Location     Type
  speedLastMil    4   98[BANK0 ] unsigned long 
  lcdLastMilli    4   90[BANK0 ] unsigned long 
  controlLastM    4   86[BANK0 ] unsigned long 
  rightCountTr    2   96[BANK0 ] int 
  leftCountTra    2   94[BANK0 ] int 
 Return value:  Size  Location     Type
                  1    wreg      void 
 Registers used:
		wreg, fsr2l, fsr2h, status,2, status,0, tblptrl, tblptrh, tblptru, prodl, prodh, cstack
 Tracked objects:
		On entry : 
		On exit  : 
		Unchanged: 
 Data sizes:     COMRAM   BANK0   BANK1   BANK2   BANK3   BANK4   BANK5   BANK6   BANK7   BANK8   BANK9  BANK10  BANK11  BANK12  BANK13  BANK14  BANK15
      Params:         0       0       0       0       0       0       0       0       0       0       0       0       0       0       0       0       0
      Locals:         0      16       0       0       0       0       0       0       0       0       0       0       0       0       0       0       0
      Temps:          0       8       0       0       0       0       0       0       0       0       0       0       0       0       0       0       0
      Totals:         0      24       0       0       0       0       0       0       0       0       0       0       0       0       0       0       0
Total ram usage:       24 bytes
 Hardware stack levels required when called:    6
 This function calls:
		_LCDclear
		_LCDgotoLineTwo
		_LCDinit
		___ftdiv
		___ftmul
		___fttol
		___lltoft
		_configureComparators
		_configureTimers
		_excerciseControl
		_printf
 This function is called by:
		Startup code after reset
 This function uses a non-reentrant model


 *************** function _printf *****************
 Defined at:
		line 464 in file "/Applications/microchip/xc8/v1.36/sources/common/doprnt.c"
 Parameters:    Size  Location     Type
  f               2   30[COMRAM] PTR const unsigned char 
		 -> STR_3(10), STR_2(9), STR_1(11), 
 Auto vars:     Size  Location     Type
  tmpval          4    0        struct .
  cp              3    0        PTR const unsigned char 
  width           2   46[COMRAM] int 
  val             2   44[COMRAM] unsigned int 
  ap              2   40[COMRAM] PTR void [1]
		 -> ?_printf(2), 
  len             2    0        unsigned int 
  c               1   48[COMRAM] char 
  flag            1   43[COMRAM] unsigned char 
  prec            1   42[COMRAM] char 
 Return value:  Size  Location     Type
                  2   30[COMRAM] int 
 Registers used:
		wreg, fsr2l, fsr2h, status,2, status,0, tblptrl, tblptrh, tblptru, prodl, prodh, cstack
 Tracked objects:
		On entry : 
		On exit  : 
		Unchanged: 
 Data sizes:     COMRAM   BANK0   BANK1   BANK2   BANK3   BANK4   BANK5   BANK6   BANK7   BANK8   BANK9  BANK10  BANK11  BANK12  BANK13  BANK14  BANK15
      Params:         6       0       0       0       0       0       0       0       0       0       0       0       0       0       0       0       0
      Locals:         9       0       0       0       0       0       0       0       0       0       0       0       0       0       0       0       0
      Temps:          4       0       0       0       0       0       0       0       0       0       0       0       0       0       0       0       0
      Totals:        19       0       0       0       0       0       0       0       0       0       0       0       0       0       0       0       0
Total ram usage:       19 bytes
 Hardware stack levels used:    1
 Hardware stack levels required when called:    4
 This function calls:
		___lwdiv
		___lwmod
		___wmul
		_isdigit
		_putch
 This function is called by:
		_main
 This function uses a non-reentrant model


 *************** function _putch *****************
 Defined at:
		line 12 in file "printfLib.c"
 Parameters:    Size  Location     Type
  data            1    wreg     unsigned char 
 Auto vars:     Size  Location     Type
  data            1   20[COMRAM] unsigned char 
 Return value:  Size  Location     Type
                  1    wreg      void 
 Registers used:
		wreg, status,2, cstack
 Tracked objects:
		On entry : 
		On exit  : 
		Unchanged: 
 Data sizes:     COMRAM   BANK0   BANK1   BANK2   BANK3   BANK4   BANK5   BANK6   BANK7   BANK8   BANK9  BANK10  BANK11  BANK12  BANK13  BANK14  BANK15
      Params:         0       0       0       0       0       0       0       0       0       0       0       0       0       0       0       0       0
      Locals:         1       0       0       0       0       0       0       0       0       0       0       0       0       0       0       0       0
      Temps:          0       0       0       0       0       0       0       0       0       0       0       0       0       0       0       0       0
      Totals:         1       0       0       0       0       0       0       0       0       0       0       0       0       0       0       0       0
Total ram usage:        1 bytes
 Hardware stack levels used:    1
 Hardware stack levels required when called:    3
 This function calls:
		_LCDwrite
 This function is called by:
		_printf
 This function uses a non-reentrant model


 *************** function _LCDwrite *****************
 Defined at:
		line 118 in file "lcd.c"
 Parameters:    Size  Location     Type
  input           1    wreg     unsigned char 
 Auto vars:     Size  Location     Type
  input           1   19[COMRAM] unsigned char 
 Return value:  Size  Location     Type
                  1    wreg      void 
 Registers used:
		wreg, status,2, cstack
 Tracked objects:
		On entry : 
		On exit  : 
		Unchanged: 
 Data sizes:     COMRAM   BANK0   BANK1   BANK2   BANK3   BANK4   BANK5   BANK6   BANK7   BANK8   BANK9  BANK10  BANK11  BANK12  BANK13  BANK14  BANK15
      Params:         0       0       0       0       0       0       0       0       0       0       0       0       0       0       0       0       0
      Locals:         1       0       0       0       0       0       0       0       0       0       0       0       0       0       0       0       0
      Temps:          0       0       0       0       0       0       0       0       0       0       0       0       0       0       0       0       0
      Totals:         1       0       0       0       0       0       0       0       0       0       0       0       0       0       0       0       0
Total ram usage:        1 bytes
 Hardware stack levels used:    1
 Hardware stack levels required when called:    2
 This function calls:
		_LCDcheckBF
		_LCDcmd
 This function is called by:
		_putch
		_LCDputs
		_LCDwriteLineOne
		_LCDwriteLineTwo
 This function uses a non-reentrant model


 *************** function _isdigit *****************
 Defined at:
		line 8 in file "/Applications/microchip/xc8/v1.36/sources/common/isdigit.c"
 Parameters:    Size  Location     Type
  c               1    wreg     unsigned char 
 Auto vars:     Size  Location     Type
  c               1   20[COMRAM] unsigned char 
 Return value:  Size  Location     Type
		None               void
 Registers used:
		wreg, status,2, status,0
 Tracked objects:
		On entry : 
		On exit  : 
		Unchanged: 
 Data sizes:     COMRAM   BANK0   BANK1   BANK2   BANK3   BANK4   BANK5   BANK6   BANK7   BANK8   BANK9  BANK10  BANK11  BANK12  BANK13  BANK14  BANK15
      Params:         0       0       0       0       0       0       0       0       0       0       0       0       0       0       0       0       0
      Locals:         2       0       0       0       0       0       0       0       0       0       0       0       0       0       0       0       0
      Temps:          1       0       0       0       0       0       0       0       0       0       0       0       0       0       0       0       0
      Totals:         3       0       0       0       0       0       0       0       0       0       0       0       0       0       0       0       0
Total ram usage:        3 bytes
 Hardware stack levels used:    1
 Hardware stack levels required when called:    1
 This function calls:
		Nothing
 This function is called by:
		_printf
 This function uses a non-reentrant model


 *************** function ___wmul *****************
 Defined at:
		line 15 in file "/Applications/microchip/xc8/v1.36/sources/common/Umul16.c"
 Parameters:    Size  Location     Type
  multiplier      2   18[COMRAM] unsigned int 
  multiplicand    2   20[COMRAM] unsigned int 
 Auto vars:     Size  Location     Type
  product         2   22[COMRAM] unsigned int 
 Return value:  Size  Location     Type
                  2   18[COMRAM] unsigned int 
 Registers used:
		wreg, status,2, status,0, prodl, prodh
 Tracked objects:
		On entry : 
		On exit  : 
		Unchanged: 
 Data sizes:     COMRAM   BANK0   BANK1   BANK2   BANK3   BANK4   BANK5   BANK6   BANK7   BANK8   BANK9  BANK10  BANK11  BANK12  BANK13  BANK14  BANK15
      Params:         4       0       0       0       0       0       0       0       0       0       0       0       0       0       0       0       0
      Locals:         2       0       0       0       0       0       0       0       0       0       0       0       0       0       0       0       0
      Temps:          0       0       0       0       0       0       0       0       0       0       0       0       0       0       0       0       0
      Totals:         6       0       0       0       0       0       0       0       0       0       0       0       0       0       0       0       0
Total ram usage:        6 bytes
 Hardware stack levels used:    1
 Hardware stack levels required when called:    1
 This function calls:
		Nothing
 This function is called by:
		_printf
 This function uses a non-reentrant model


 *************** function ___lwmod *****************
 Defined at:
		line 8 in file "/Applications/microchip/xc8/v1.36/sources/common/lwmod.c"
 Parameters:    Size  Location     Type
  dividend        2   25[COMRAM] unsigned int 
  divisor         2   27[COMRAM] unsigned int 
 Auto vars:     Size  Location     Type
  counter         1   29[COMRAM] unsigned char 
 Return value:  Size  Location     Type
                  2   25[COMRAM] unsigned int 
 Registers used:
		wreg, status,2, status,0
 Tracked objects:
		On entry : 
		On exit  : 
		Unchanged: 
 Data sizes:     COMRAM   BANK0   BANK1   BANK2   BANK3   BANK4   BANK5   BANK6   BANK7   BANK8   BANK9  BANK10  BANK11  BANK12  BANK13  BANK14  BANK15
      Params:         4       0       0       0       0       0       0       0       0       0       0       0       0       0       0       0       0
      Locals:         1       0       0       0       0       0       0       0       0       0       0       0       0       0       0       0       0
      Temps:          0       0       0       0       0       0       0       0       0       0       0       0       0       0       0       0       0
      Totals:         5       0       0       0       0       0       0       0       0       0       0       0       0       0       0       0       0
Total ram usage:        5 bytes
 Hardware stack levels used:    1
 Hardware stack levels required when called:    1
 This function calls:
		Nothing
 This function is called by:
		_printf
 This function uses a non-reentrant model


 *************** function ___lwdiv *****************
 Defined at:
		line 8 in file "/Applications/microchip/xc8/v1.36/sources/common/lwdiv.c"
 Parameters:    Size  Location     Type
  dividend        2   18[COMRAM] unsigned int 
  divisor         2   20[COMRAM] unsigned int 
 Auto vars:     Size  Location     Type
  quotient        2   22[COMRAM] unsigned int 
  counter         1   24[COMRAM] unsigned char 
 Return value:  Size  Location     Type
                  2   18[COMRAM] unsigned int 
 Registers used:
		wreg, status,2, status,0
 Tracked objects:
		On entry : 
		On exit  : 
		Unchanged: 
 Data sizes:     COMRAM   BANK0   BANK1   BANK2   BANK3   BANK4   BANK5   BANK6   BANK7   BANK8   BANK9  BANK10  BANK11  BANK12  BANK13  BANK14  BANK15
      Params:         4       0       0       0       0       0       0       0       0       0       0       0       0       0       0       0       0
      Locals:         3       0       0       0       0       0       0       0       0       0       0       0       0       0       0       0       0
      Temps:          0       0       0       0       0       0       0       0       0       0       0       0       0       0       0       0       0
      Totals:         7       0       0       0       0       0       0       0       0       0       0       0       0       0       0       0       0
Total ram usage:        7 bytes
 Hardware stack levels used:    1
 Hardware stack levels required when called:    1
 This function calls:
		Nothing
 This function is called by:
		_printf
 This function uses a non-reentrant model


 *************** function _excerciseControl *****************
 Defined at:
		line 345 in file "main.c"
 Parameters:    Size  Location     Type
		None
 Auto vars:     Size  Location     Type
  i               2   76[BANK0 ] int 
  i               2   74[BANK0 ] int 
  temp            2   60[BANK0 ] int 
 Return value:  Size  Location     Type
                  1    wreg      void 
 Registers used:
		wreg, fsr2l, fsr2h, status,2, status,0, cstack
 Tracked objects:
		On entry : 
		On exit  : 
		Unchanged: 
 Data sizes:     COMRAM   BANK0   BANK1   BANK2   BANK3   BANK4   BANK5   BANK6   BANK7   BANK8   BANK9  BANK10  BANK11  BANK12  BANK13  BANK14  BANK15
      Params:         0       0       0       0       0       0       0       0       0       0       0       0       0       0       0       0       0
      Locals:         0      18       0       0       0       0       0       0       0       0       0       0       0       0       0       0       0
      Temps:          0       4       0       0       0       0       0       0       0       0       0       0       0       0       0       0       0
      Totals:         0      22       0       0       0       0       0       0       0       0       0       0       0       0       0       0       0
Total ram usage:       22 bytes
 Hardware stack levels used:    1
 Hardware stack levels required when called:    5
 This function calls:
		___awtoft
		___ftadd
		___ftge
		___ftmul
		___ftsub
		___fttol
		___lltoft
		_limitWheelSpeeds
		_round
		_sqrt
		_wheelVelocity
 This function is called by:
		_main
 This function uses a non-reentrant model


 *************** function _wheelVelocity *****************
 Defined at:
		line 253 in file "main.c"
 Parameters:    Size  Location     Type
  wheel           1    wreg     unsigned char 
  speed           2   34[BANK0 ] int 
  speedCompens    2   36[BANK0 ] int 
 Auto vars:     Size  Location     Type
  wheel           1   41[BANK0 ] unsigned char 
 Return value:  Size  Location     Type
                  1    wreg      void 
 Registers used:
		wreg, status,2, status,0, cstack
 Tracked objects:
		On entry : 
		On exit  : 
		Unchanged: 
 Data sizes:     COMRAM   BANK0   BANK1   BANK2   BANK3   BANK4   BANK5   BANK6   BANK7   BANK8   BANK9  BANK10  BANK11  BANK12  BANK13  BANK14  BANK15
      Params:         0       4       0       0       0       0       0       0       0       0       0       0       0       0       0       0       0
      Locals:         0       4       0       0       0       0       0       0       0       0       0       0       0       0       0       0       0
      Temps:          0       0       0       0       0       0       0       0       0       0       0       0       0       0       0       0       0
      Totals:         0       8       0       0       0       0       0       0       0       0       0       0       0       0       0       0       0
Total ram usage:        8 bytes
 Hardware stack levels used:    1
 Hardware stack levels required when called:    3
 This function calls:
		___awtoft
		___ftadd
		___ftmul
		___ftneg
		___fttol
 This function is called by:
		_excerciseControl
 This function uses a non-reentrant model


 *************** function ___awtoft *****************
 Defined at:
		line 32 in file "/Applications/microchip/xc8/v1.36/sources/common/awtoft.c"
 Parameters:    Size  Location     Type
  c               2   26[COMRAM] int 
 Auto vars:     Size  Location     Type
  sign            1   29[COMRAM] unsigned char 
 Return value:  Size  Location     Type
                  3   26[COMRAM] float 
 Registers used:
		wreg, status,2, status,0, cstack
 Tracked objects:
		On entry : 
		On exit  : 
		Unchanged: 
 Data sizes:     COMRAM   BANK0   BANK1   BANK2   BANK3   BANK4   BANK5   BANK6   BANK7   BANK8   BANK9  BANK10  BANK11  BANK12  BANK13  BANK14  BANK15
      Params:         3       0       0       0       0       0       0       0       0       0       0       0       0       0       0       0       0
      Locals:         1       0       0       0       0       0       0       0       0       0       0       0       0       0       0       0       0
      Temps:          0       0       0       0       0       0       0       0       0       0       0       0       0       0       0       0       0
      Totals:         4       0       0       0       0       0       0       0       0       0       0       0       0       0       0       0       0
Total ram usage:        4 bytes
 Hardware stack levels used:    1
 Hardware stack levels required when called:    2
 This function calls:
		___ftpack
 This function is called by:
		_wheelVelocity
		_excerciseControl
 This function uses a non-reentrant model


 *************** function _sqrt *****************
 Defined at:
		line 9 in file "/Applications/microchip/xc8/v1.36/sources/common/sprcsqrt.c"
 Parameters:    Size  Location     Type
  a               3    0[BANK0 ] float 
 Auto vars:     Size  Location     Type
  x               3   16[BANK0 ] float 
  q               3   13[BANK0 ] float 
  z               3    9[BANK0 ] float 
  og              3    6[BANK0 ] float 
  i               1   12[BANK0 ] unsigned char 
 Return value:  Size  Location     Type
                  3    0[BANK0 ] unsigned char 
 Registers used:
		wreg, status,2, status,0, cstack
 Tracked objects:
		On entry : 
		On exit  : 
		Unchanged: 
 Data sizes:     COMRAM   BANK0   BANK1   BANK2   BANK3   BANK4   BANK5   BANK6   BANK7   BANK8   BANK9  BANK10  BANK11  BANK12  BANK13  BANK14  BANK15
      Params:         0       3       0       0       0       0       0       0       0       0       0       0       0       0       0       0       0
      Locals:         0      13       0       0       0       0       0       0       0       0       0       0       0       0       0       0       0
      Temps:          0       3       0       0       0       0       0       0       0       0       0       0       0       0       0       0       0
      Totals:         0      19       0       0       0       0       0       0       0       0       0       0       0       0       0       0       0
Total ram usage:       19 bytes
 Hardware stack levels used:    1
 Hardware stack levels required when called:    4
 This function calls:
		___ftge
		___ftmul
		___ftsub
 This function is called by:
		_excerciseControl
 This function uses a non-reentrant model


 *************** function ___ftsub *****************
 Defined at:
		line 20 in file "/Applications/microchip/xc8/v1.36/sources/common/ftsub.c"
 Parameters:    Size  Location     Type
  f1              3   62[COMRAM] float 
  f2              3   65[COMRAM] float 
 Auto vars:     Size  Location     Type
		None
 Return value:  Size  Location     Type
                  3   62[COMRAM] float 
 Registers used:
		wreg, status,2, status,0, cstack
 Tracked objects:
		On entry : 
		On exit  : 
		Unchanged: 
 Data sizes:     COMRAM   BANK0   BANK1   BANK2   BANK3   BANK4   BANK5   BANK6   BANK7   BANK8   BANK9  BANK10  BANK11  BANK12  BANK13  BANK14  BANK15
      Params:         6       0       0       0       0       0       0       0       0       0       0       0       0       0       0       0       0
      Locals:         0       0       0       0       0       0       0       0       0       0       0       0       0       0       0       0       0
      Temps:          0       0       0       0       0       0       0       0       0       0       0       0       0       0       0       0       0
      Totals:         6       0       0       0       0       0       0       0       0       0       0       0       0       0       0       0       0
Total ram usage:        6 bytes
 Hardware stack levels used:    1
 Hardware stack levels required when called:    3
 This function calls:
		___ftadd
 This function is called by:
		_excerciseControl
		_sqrt
 This function uses a non-reentrant model


 *************** function ___ftmul *****************
 Defined at:
		line 62 in file "/Applications/microchip/xc8/v1.36/sources/common/ftmul.c"
 Parameters:    Size  Location     Type
  f1              3   35[COMRAM] float 
  f2              3   38[COMRAM] float 
 Auto vars:     Size  Location     Type
  f3_as_produc    3   45[COMRAM] unsigned um
  sign            1   49[COMRAM] unsigned char 
  cntr            1   48[COMRAM] unsigned char 
  exp             1   44[COMRAM] unsigned char 
 Return value:  Size  Location     Type
                  3   35[COMRAM] float 
 Registers used:
		wreg, status,2, status,0, cstack
 Tracked objects:
		On entry : 
		On exit  : 
		Unchanged: 
 Data sizes:     COMRAM   BANK0   BANK1   BANK2   BANK3   BANK4   BANK5   BANK6   BANK7   BANK8   BANK9  BANK10  BANK11  BANK12  BANK13  BANK14  BANK15
      Params:         6       0       0       0       0       0       0       0       0       0       0       0       0       0       0       0       0
      Locals:         6       0       0       0       0       0       0       0       0       0       0       0       0       0       0       0       0
      Temps:          3       0       0       0       0       0       0       0       0       0       0       0       0       0       0       0       0
      Totals:        15       0       0       0       0       0       0       0       0       0       0       0       0       0       0       0       0
Total ram usage:       15 bytes
 Hardware stack levels used:    1
 Hardware stack levels required when called:    2
 This function calls:
		___ftpack
 This function is called by:
		_main
		_wheelVelocity
		_excerciseControl
		_sqrt
 This function uses a non-reentrant model


 *************** function ___ftge *****************
 Defined at:
		line 4 in file "/Applications/microchip/xc8/v1.36/sources/common/ftge.c"
 Parameters:    Size  Location     Type
  ff1             3   50[COMRAM] float 
  ff2             3   53[COMRAM] float 
 Auto vars:     Size  Location     Type
		None
 Return value:  Size  Location     Type
		None               void
 Registers used:
		wreg, status,2, status,0
 Tracked objects:
		On entry : 
		On exit  : 
		Unchanged: 
 Data sizes:     COMRAM   BANK0   BANK1   BANK2   BANK3   BANK4   BANK5   BANK6   BANK7   BANK8   BANK9  BANK10  BANK11  BANK12  BANK13  BANK14  BANK15
      Params:         6       0       0       0       0       0       0       0       0       0       0       0       0       0       0       0       0
      Locals:         0       0       0       0       0       0       0       0       0       0       0       0       0       0       0       0       0
      Temps:          3       0       0       0       0       0       0       0       0       0       0       0       0       0       0       0       0
      Totals:         9       0       0       0       0       0       0       0       0       0       0       0       0       0       0       0       0
Total ram usage:        9 bytes
 Hardware stack levels used:    1
 Hardware stack levels required when called:    1
 This function calls:
		Nothing
 This function is called by:
		_excerciseControl
		_sqrt
 This function uses a non-reentrant model


 *************** function _round *****************
 Defined at:
		line 6 in file "/Applications/microchip/xc8/v1.36/sources/common/round.c"
 Parameters:    Size  Location     Type
  x               3   50[BANK0 ] float 
 Auto vars:     Size  Location     Type
  f               3   53[BANK0 ] float 
 Return value:  Size  Location     Type
                  3   50[BANK0 ] float 
 Registers used:
		wreg, fsr2l, fsr2h, status,2, status,0, cstack
 Tracked objects:
		On entry : 
		On exit  : 
		Unchanged: 
 Data sizes:     COMRAM   BANK0   BANK1   BANK2   BANK3   BANK4   BANK5   BANK6   BANK7   BANK8   BANK9  BANK10  BANK11  BANK12  BANK13  BANK14  BANK15
      Params:         0       3       0       0       0       0       0       0       0       0       0       0       0       0       0       0       0
      Locals:         0       3       0       0       0       0       0       0       0       0       0       0       0       0       0       0       0
      Temps:          0       0       0       0       0       0       0       0       0       0       0       0       0       0       0       0       0
      Totals:         0       6       0       0       0       0       0       0       0       0       0       0       0       0       0       0       0
Total ram usage:        6 bytes
 Hardware stack levels used:    1
 Hardware stack levels required when called:    4
 This function calls:
		___ftadd
		___ftneg
		_trunc
 This function is called by:
		_excerciseControl
 This function uses a non-reentrant model


 *************** function _trunc *****************
 Defined at:
		line 13 in file "/Applications/microchip/xc8/v1.36/sources/common/trunc.c"
 Parameters:    Size  Location     Type
  x               3   42[BANK0 ] float 
 Auto vars:     Size  Location     Type
  i               3   45[BANK0 ] float 
  expon           2   48[BANK0 ] int 
 Return value:  Size  Location     Type
                  3   42[BANK0 ] int 
 Registers used:
		wreg, fsr2l, fsr2h, status,2, status,0, cstack
 Tracked objects:
		On entry : 
		On exit  : 
		Unchanged: 
 Data sizes:     COMRAM   BANK0   BANK1   BANK2   BANK3   BANK4   BANK5   BANK6   BANK7   BANK8   BANK9  BANK10  BANK11  BANK12  BANK13  BANK14  BANK15
      Params:         0       3       0       0       0       0       0       0       0       0       0       0       0       0       0       0       0
      Locals:         0       5       0       0       0       0       0       0       0       0       0       0       0       0       0       0       0
      Temps:          0       0       0       0       0       0       0       0       0       0       0       0       0       0       0       0       0
      Totals:         0       8       0       0       0       0       0       0       0       0       0       0       0       0       0       0       0
Total ram usage:        8 bytes
 Hardware stack levels used:    1
 Hardware stack levels required when called:    3
 This function calls:
		___altoft
		___fttol
		_frexp
 This function is called by:
		_round
 This function uses a non-reentrant model


 *************** function _frexp *****************
 Defined at:
		line 254 in file "/Applications/microchip/xc8/v1.36/sources/common/frexp.c"
 Parameters:    Size  Location     Type
  value           3   18[COMRAM] int 
  eptr            2   21[COMRAM] PTR int 
		 -> trunc@expon(2), 
 Auto vars:     Size  Location     Type
		None
 Return value:  Size  Location     Type
                  3   18[COMRAM] PTR int 
 Registers used:
		wreg, fsr2l, fsr2h, status,2, status,0
 Tracked objects:
		On entry : 
		On exit  : 
		Unchanged: 
 Data sizes:     COMRAM   BANK0   BANK1   BANK2   BANK3   BANK4   BANK5   BANK6   BANK7   BANK8   BANK9  BANK10  BANK11  BANK12  BANK13  BANK14  BANK15
      Params:         5       0       0       0       0       0       0       0       0       0       0       0       0       0       0       0       0
      Locals:         0       0       0       0       0       0       0       0       0       0       0       0       0       0       0       0       0
      Temps:          2       0       0       0       0       0       0       0       0       0       0       0       0       0       0       0       0
      Totals:         7       0       0       0       0       0       0       0       0       0       0       0       0       0       0       0       0
Total ram usage:        7 bytes
[...]
      Params:         4       0       0       0       0       0       0       0       0       0       0       0       0       0       0       0       0
      Locals:         1       0       0       0       0       0       0       0       0       0       0       0       0       0       0       0       0
      Temps:          4       0       0       0       0       0       0       0       0       0       0       0       0       0       0       0       0
      Totals:         9       0       0       0       0       0       0       0       0       0       0       0       0       0       0       0       0
Total ram usage:        9 bytes
 Hardware stack levels used:    1
 Hardware stack levels required when called:    2
 This function calls:
		___ftpack
 This function is called by:
		_main
		_excerciseControl
 This function uses a non-reentrant model


 *************** function _configureTimers *****************
 Defined at:
		line 569 in file "main.c"
 Parameters:    Size  Location     Type
		None
 Auto vars:     Size  Location     Type
		None
 Return value:  Size  Location     Type
                  1    wreg      void 
 Registers used:
		wreg, status,2
 Tracked objects:
		On entry : 
		On exit  : 
		Unchanged: 
 Data sizes:     COMRAM   BANK0   BANK1   BANK2   BANK3   BANK4   BANK5   BANK6   BANK7   BANK8   BANK9  BANK10  BANK11  BANK12  BANK13  BANK14  BANK15
      Params:         0       0       0       0       0       0       0       0       0       0       0       0       0       0       0       0       0
      Locals:         0       0       0       0       0       0       0       0       0       0       0       0       0       0       0       0       0
      Temps:          0       0       0       0       0       0       0       0       0       0       0       0       0       0       0       0       0
      Totals:         0       0       0       0       0       0       0       0       0       0       0       0       0       0       0       0       0
Total ram usage:        0 bytes
 Hardware stack levels used:    1
 Hardware stack levels required when called:    1
 This function calls:
		Nothing
 This function is called by:
		_main
 This function uses a non-reentrant model


 *************** function _configureComparators *****************
 Defined at:
		line 629 in file "main.c"
 Parameters:    Size  Location     Type
		None
 Auto vars:     Size  Location     Type
		None
 Return value:  Size  Location     Type
                  1    wreg      void 
 Registers used:
		wreg, status,2
 Tracked objects:
		On entry : 
		On exit  : 
		Unchanged: 
 Data sizes:     COMRAM   BANK0   BANK1   BANK2   BANK3   BANK4   BANK5   BANK6   BANK7   BANK8   BANK9  BANK10  BANK11  BANK12  BANK13  BANK14  BANK15
      Params:         0       0       0       0       0       0       0       0       0       0       0       0       0       0       0       0       0
      Locals:         0       0       0       0       0       0       0       0       0       0       0       0       0       0       0       0       0
      Temps:          0       0       0       0       0       0       0       0       0       0       0       0       0       0       0       0       0
      Totals:         0       0       0       0       0       0       0       0       0       0       0       0       0       0       0       0       0
Total ram usage:        0 bytes
 Hardware stack levels used:    1
 Hardware stack levels required when called:    1
 This function calls:
		Nothing
 This function is called by:
		_main
 This function uses a non-reentrant model


 *************** function ___ftdiv *****************
 Defined at:
		line 54 in file "/Applications/microchip/xc8/v1.36/sources/common/ftdiv.c"
 Parameters:    Size  Location     Type
  f1              3   50[COMRAM] float 
  f2              3   53[COMRAM] float 
 Auto vars:     Size  Location     Type
  f3              3   60[COMRAM] float 
  sign            1   64[COMRAM] unsigned char 
  exp             1   63[COMRAM] unsigned char 
  cntr            1   59[COMRAM] unsigned char 
 Return value:  Size  Location     Type
                  3   50[COMRAM] float 
 Registers used:
		wreg, status,2, status,0, cstack
 Tracked objects:
		On entry : 
		On exit  : 
		Unchanged: 
 Data sizes:     COMRAM   BANK0   BANK1   BANK2   BANK3   BANK4   BANK5   BANK6   BANK7   BANK8   BANK9  BANK10  BANK11  BANK12  BANK13  BANK14  BANK15
      Params:         6       0       0       0       0       0       0       0       0       0       0       0       0       0       0       0       0
      Locals:         6       0       0       0       0       0       0       0       0       0       0       0       0       0       0       0       0
      Temps:          3       0       0       0       0       0       0       0       0       0       0       0       0       0       0       0       0
      Totals:        15       0       0       0       0       0       0       0       0       0       0       0       0       0       0       0       0
Total ram usage:       15 bytes
 Hardware stack levels used:    1
 Hardware stack levels required when called:    2
 This function calls:
		___ftpack
 This function is called by:
		_main
 This function uses a non-reentrant model


 *************** function ___ftpack *****************
 Defined at:
		line 62 in file "/Applications/microchip/xc8/v1.36/sources/common/float.c"
 Parameters:    Size  Location     Type
  arg             3   18[COMRAM] unsigned um
  exp             1   21[COMRAM] unsigned char 
  sign            1   22[COMRAM] unsigned char 
 Auto vars:     Size  Location     Type
		None
 Return value:  Size  Location     Type
                  3   18[COMRAM] float 
 Registers used:
		wreg, status,2, status,0
 Tracked objects:
		On entry : 
		On exit  : 
		Unchanged: 
 Data sizes:     COMRAM   BANK0   BANK1   BANK2   BANK3   BANK4   BANK5   BANK6   BANK7   BANK8   BANK9  BANK10  BANK11  BANK12  BANK13  BANK14  BANK15
      Params:         5       0       0       0       0       0       0       0       0       0       0       0       0       0       0       0       0
      Locals:         0       0       0       0       0       0       0       0       0       0       0       0       0       0       0       0       0
      Temps:          3       0       0       0       0       0       0       0       0       0       0       0       0       0       0       0       0
      Totals:         8       0       0       0       0       0       0       0       0       0       0       0       0       0       0       0       0
Total ram usage:        8 bytes
 Hardware stack levels used:    1
 Hardware stack levels required when called:    1
 This function calls:
		Nothing
 This function is called by:
		___altoft
		___awtoft
		___ftadd
		___ftdiv
		___ftmul
		___lltoft
 This function uses a non-reentrant model


 *************** function _LCDinit *****************
 Defined at:
		line 60 in file "lcd.c"
 Parameters:    Size  Location     Type
		None
 Auto vars:     Size  Location     Type
		None
 Return value:  Size  Location     Type
                  1    wreg      void 
 Registers used:
		wreg, status,2, cstack
 Tracked objects:
		On entry : 
		On exit  : 
		Unchanged: 
 Data sizes:     COMRAM   BANK0   BANK1   BANK2   BANK3   BANK4   BANK5   BANK6   BANK7   BANK8   BANK9  BANK10  BANK11  BANK12  BANK13  BANK14  BANK15
      Params:         0       0       0       0       0       0       0       0       0       0       0       0       0       0       0       0       0
      Locals:         0       0       0       0       0       0       0       0       0       0       0       0       0       0       0       0       0
      Temps:          1       0       0       0       0       0       0       0       0       0       0       0       0       0       0       0       0
      Totals:         1       0       0       0       0       0       0       0       0       0       0       0       0       0       0       0       0
Total ram usage:        1 bytes
 Hardware stack levels used:    1
 Hardware stack levels required when called:    2
 This function calls:
		_LCDcheckBF
		_LCDcmd
 This function is called by:
		_main
 This function uses a non-reentrant model


 *************** function _LCDgotoLineTwo *****************
 Defined at:
		line 142 in file "lcd.c"
 Parameters:    Size  Location     Type
		None
 Auto vars:     Size  Location     Type
		None
 Return value:  Size  Location     Type
                  1    wreg      void 
 Registers used:
		wreg, cstack
 Tracked objects:
		On entry : 
		On exit  : 
		Unchanged: 
 Data sizes:     COMRAM   BANK0   BANK1   BANK2   BANK3   BANK4   BANK5   BANK6   BANK7   BANK8   BANK9  BANK10  BANK11  BANK12  BANK13  BANK14  BANK15
      Params:         0       0       0       0       0       0       0       0       0       0       0       0       0       0       0       0       0
      Locals:         0       0       0       0       0       0       0       0       0       0       0       0       0       0       0       0       0
      Temps:          0       0       0       0       0       0       0       0       0       0       0       0       0       0       0       0       0
      Totals:         0       0       0       0       0       0       0       0       0       0       0       0       0       0       0       0       0
Total ram usage:        0 bytes
 Hardware stack levels used:    1
 Hardware stack levels required when called:    2
 This function calls:
		_LCDcheckBF
		_LCDcmd
 This function is called by:
		_main
		_LCDputs
		_LCDwriteLineTwo
 This function uses a non-reentrant model


 *************** function _LCDclear *****************
 Defined at:
		line 126 in file "lcd.c"
 Parameters:    Size  Location     Type
		None
 Auto vars:     Size  Location     Type
		None
 Return value:  Size  Location     Type
                  1    wreg      void 
 Registers used:
		wreg, cstack
 Tracked objects:
		On entry : 
		On exit  : 
		Unchanged: 
 Data sizes:     COMRAM   BANK0   BANK1   BANK2   BANK3   BANK4   BANK5   BANK6   BANK7   BANK8   BANK9  BANK10  BANK11  BANK12  BANK13  BANK14  BANK15
      Params:         0       0       0       0       0       0       0       0       0       0       0       0       0       0       0       0       0
      Locals:         0       0       0       0       0       0       0       0       0       0       0       0       0       0       0       0       0
      Temps:          0       0       0       0       0       0       0       0       0       0       0       0       0       0       0       0       0
      Totals:         0       0       0       0       0       0       0       0       0       0       0       0       0       0       0       0       0
Total ram usage:        0 bytes
 Hardware stack levels used:    1
 Hardware stack levels required when called:    2
 This function calls:
		_LCDcheckBF
		_LCDcmd
 This function is called by:
		_main
		_LCDputs
 This function uses a non-reentrant model


 *************** function _LCDcmd *****************
 Defined at:
		line 94 in file "lcd.c"
 Parameters:    Size  Location     Type
  command         1    wreg     unsigned char 
 Auto vars:     Size  Location     Type
  command         1   18[COMRAM] unsigned char 
 Return value:  Size  Location     Type
                  1    wreg      void 
 Registers used:
		wreg
 Tracked objects:
		On entry : 
		On exit  : 
		Unchanged: 
 Data sizes:     COMRAM   BANK0   BANK1   BANK2   BANK3   BANK4   BANK5   BANK6   BANK7   BANK8   BANK9  BANK10  BANK11  BANK12  BANK13  BANK14  BANK15
      Params:         0       0       0       0       0       0       0       0       0       0       0       0       0       0       0       0       0
      Locals:         1       0       0       0       0       0       0       0       0       0       0       0       0       0       0       0       0
      Temps:          0       0       0       0       0       0       0       0       0       0       0       0       0       0       0       0       0
      Totals:         1       0       0       0       0       0       0       0       0       0       0       0       0       0       0       0       0
Total ram usage:        1 bytes
 Hardware stack levels used:    1
 Hardware stack levels required when called:    1
 This function calls:
		Nothing
 This function is called by:
		_LCDinit
		_LCDwrite
		_LCDclear
		_LCDgotoLineTwo
		_LCDgotoLineOne
 This function uses a non-reentrant model


 *************** function _LCDcheckBF *****************
 Defined at:
		line 101 in file "lcd.c"
 Parameters:    Size  Location     Type
		None
 Auto vars:     Size  Location     Type
		None
 Return value:  Size  Location     Type
                  1    wreg      void 
 Registers used:
		None
 Tracked objects:
		On entry : 
		On exit  : 
		Unchanged: 
 Data sizes:     COMRAM   BANK0   BANK1   BANK2   BANK3   BANK4   BANK5   BANK6   BANK7   BANK8   BANK9  BANK10  BANK11  BANK12  BANK13  BANK14  BANK15
      Params:         0       0       0       0       0       0       0       0       0       0       0       0       0       0       0       0       0
      Locals:         0       0       0       0       0       0       0       0       0       0       0       0       0       0       0       0       0
      Temps:          0       0       0       0       0       0       0       0       0       0       0       0       0       0       0       0       0
      Totals:         0       0       0       0       0       0       0       0       0       0       0       0       0       0       0       0       0
Total ram usage:        0 bytes
 Hardware stack levels used:    1
 Hardware stack levels required when called:    1
 This function calls:
		Nothing
 This function is called by:
		_LCDinit
		_LCDwrite
		_LCDclear
		_LCDgotoLineTwo
		_LCDgotoLineOne
 This function uses a non-reentrant model


 *************** function _ISR *****************
 Defined at:
		line 271 in file "main.c"
 Parameters:    Size  Location     Type
		None
 Auto vars:     Size  Location     Type
  dummy           1   17[COMRAM] unsigned char 
  dummy           1   16[COMRAM] unsigned char 
 Return value:  Size  Location     Type
                  1    wreg      void 
 Registers used:
		wreg, status,2, status,0
 Tracked objects:
		On entry : 
		On exit  : 
		Unchanged: 
 Data sizes:     COMRAM   BANK0   BANK1   BANK2   BANK3   BANK4   BANK5   BANK6   BANK7   BANK8   BANK9  BANK10  BANK11  BANK12  BANK13  BANK14  BANK15
      Params:         0       0       0       0       0       0       0       0       0       0       0       0       0       0       0       0       0
      Locals:         2       0       0       0       0       0       0       0       0       0       0       0       0       0       0       0       0
      Temps:         16       0       0       0       0       0       0       0       0       0       0       0       0       0       0       0       0
      Totals:        18       0       0       0       0       0       0       0       0       0       0       0       0       0       0       0       0
Total ram usage:       18 bytes
 Hardware stack levels used:    1
 This function calls:
		Nothing
 This function is called by:
		Interrupt level 2
 This function uses a non-reentrant model



MODULE INFORMATION

Module		Function		Class		Link	Load	Size
/Applications/microchip/xc8/v1.36/sources/common/isdigit.c
		_isdigit       		CODE           	3178	0000	31

/Applications/microchip/xc8/v1.36/sources/common/isdigit.c estimated size: 31

printfLib.c
		_putch         		CODE           	31E8	0000	11

printfLib.c estimated size: 11

/Applications/microchip/xc8/v1.36/sources/common/awtoft.c
		___awtoft      		CODE           	30EA	0000	57

/Applications/microchip/xc8/v1.36/sources/common/awtoft.c estimated size: 57

/Applications/microchip/xc8/v1.36/sources/common/ftneg.c
		___ftneg       		CODE           	3122	0000	49

/Applications/microchip/xc8/v1.36/sources/common/ftneg.c estimated size: 49

/Applications/microchip/xc8/v1.36/sources/common/altoft.c
		___altoft      		CODE           	2C4A	0000	151

/Applications/microchip/xc8/v1.36/sources/common/altoft.c estimated size: 151

/Applications/microchip/xc8/v1.36/sources/common/ftsub.c
		___ftsub       		CODE           	30AA	0000	65

/Applications/microchip/xc8/v1.36/sources/common/ftsub.c estimated size: 65

/Applications/microchip/xc8/v1.36/sources/common/float.c
		___ftpack      		CODE           	2AF4	0000	175

/Applications/microchip/xc8/v1.36/sources/common/float.c estimated size: 175

/Applications/microchip/xc8/v1.36/sources/common/ftge.c
		___ftge        		CODE           	2CE0	0000	145

/Applications/microchip/xc8/v1.36/sources/common/ftge.c estimated size: 145

/Applications/microchip/xc8/v1.36/sources/common/round.c
		_round         		CODE           	2D70	0000	143

/Applications/microchip/xc8/v1.36/sources/common/round.c estimated size: 143

/Applications/microchip/xc8/v1.36/sources/common/lltoft.c
		___lltoft      		CODE           	2F62	0000	93

/Applications/microchip/xc8/v1.36/sources/common/lltoft.c estimated size: 93

/Applications/microchip/xc8/v1.36/sources/common/frexp.c
		_frexp         		CODE           	2E8C	0000	121

/Applications/microchip/xc8/v1.36/sources/common/frexp.c estimated size: 121

/Applications/microchip/xc8/v1.36/sources/common/lwmod.c
		___lwmod       		CODE           	3068	0000	67

/Applications/microchip/xc8/v1.36/sources/common/lwmod.c estimated size: 67

/Applications/microchip/xc8/v1.36/sources/common/ftmul.c
		___ftmul       		CODE           	2854	0000	245

/Applications/microchip/xc8/v1.36/sources/common/ftmul.c estimated size: 245

/Applications/microchip/xc8/v1.36/sources/common/doprnt.c
		_printf        		CODE           	1F9C	0000	513

/Applications/microchip/xc8/v1.36/sources/common/doprnt.c estimated size: 513

/Applications/microchip/xc8/v1.36/sources/common/ftdiv.c
		___ftdiv       		CODE           	2948	0000	231

/Applications/microchip/xc8/v1.36/sources/common/ftdiv.c estimated size: 231

shared
		_dpowers       		SMALLCONST     	1001	0000	11
		__initialization		CODE           	2F04	0000	81

shared estimated size: 92

/Applications/microchip/xc8/v1.36/sources/common/Umul16.c
		___wmul        		CODE           	3152	0000	39

/Applications/microchip/xc8/v1.36/sources/common/Umul16.c estimated size: 39

/Applications/microchip/xc8/v1.36/sources/common/sprcsqrt.c
		_sqrt          		CODE           	219C	0000	431

/Applications/microchip/xc8/v1.36/sources/common/sprcsqrt.c estimated size: 431

lcd.c
		_LCDwrite      		CODE           	31AA	0000	19
		_LCDinit       		CODE           	2A2E	0000	199
		_LCDcheckBF    		CODE           	3196	0000	21
		_LCDgotoLineTwo		CODE           	31BC	0000	17
		_LCDclear      		CODE           	31CC	0000	17
		_LCDcmd        		CODE           	31DC	0000	13

lcd.c estimated size: 286

/Applications/microchip/xc8/v1.36/sources/common/fttol.c
		___fttol       		CODE           	24F6	0000	325

/Applications/microchip/xc8/v1.36/sources/common/fttol.c estimated size: 325

/Applications/microchip/xc8/v1.36/sources/common/lwdiv.c
		___lwdiv       		CODE           	3016	0000	83

/Applications/microchip/xc8/v1.36/sources/common/lwdiv.c estimated size: 83

main.c
		_ISR           		CODE           	0008	0000	327
		_main          		CODE           	1BB8	0000	997
		_wheelVelocity 		CODE           	263A	0000	279
		_configureComparators		CODE           	2FBE	0000	89
		_configureTimers		CODE           	2BA2	0000	169
		_excerciseControl		CODE           	102A	0000	2959
		_limitWheelSpeeds		CODE           	2750	0000	261

main.c estimated size: 5081

/Applications/microchip/xc8/v1.36/sources/common/ftadd.c
		___ftadd       		CODE           	234A	0000	429

/Applications/microchip/xc8/v1.36/sources/common/ftadd.c estimated size: 429

/Applications/microchip/xc8/v1.36/sources/common/trunc.c
		_trunc         		CODE           	2DFE	0000	143

/Applications/microchip/xc8/v1.36/sources/common/trunc.c estimated size: 143

